[   17160ms] [LOG] Se ha creado correctamente el registro del stateApp @ https://simuladorcobranzasbdbpru.lappiz.io/main.aaf20cd1339efdfd.js:684
[   20087ms] [LOG] requestSubscription: Could not subscribe to notifications Registration failed - permission denied @ https://simuladorcobranzasbdbpru.lappiz.io/main.aaf20cd1339efdfd.js:684
[   23508ms] [ERROR] ERROR TypeError: Cannot read properties of null (reading 'style')
    at eval (eval at myService.evalEvent (https://simuladorcobranzasbdbpru.lappiz.io/main.aaf20cd1339efdfd.js:685:2947319), <anonymous>:109:66)
    at P.<computed> (https://simuladorcobranzasbdbpru.lappiz.io/polyfills.d8ab91b0f38b471a.js:1:41246)
    at _.invokeTask (https://simuladorcobranzasbdbpru.lappiz.io/polyfills.d8ab91b0f38b471a.js:1:8309)
    at Object.onInvokeTask (https://simuladorcobranzasbdbpru.lappiz.io/main.aaf20cd1339efdfd.js:685:5433465)
    at _.invokeTask (https://simuladorcobranzasbdbpru.lappiz.io/polyfills.d8ab91b0f38b471a.js:1:8230)
    at _.runTask (https://simuladorcobranzasbdbpru.lappiz.io/polyfills.d8ab91b0f38b471a.js:1:3354)
    at _.invokeTask (https://simuladorcobranzasbdbpru.lappiz.io/polyfills.d8ab91b0f38b471a.js:1:9449)
    at invoke (https://simuladorcobranzasbdbpru.lappiz.io/polyfills.d8ab91b0f38b471a.js:1:9339)
    at E.T.args.<computed> (https://simuladorcobranzasbdbpru.lappiz.io/polyfills.d8ab91b0f38b471a.js:1:40944) @ https://simuladorcobranzasbdbpru.lappiz.io/main.aaf20cd1339efdfd.js:684
[   24835ms] [ERROR] Error: ReferenceError: validacionPoliticaCancelacion is not defined @ :4656
[   24844ms] [ERROR] Error: TypeError: Cannot set properties of null (setting 'selectedIndex') @ :4656
[   24869ms] [ERROR] Error: TypeError: Cannot read properties of undefined (reading 'textContent') @ :4656
[   24875ms] [ERROR] Error: TypeError: Cannot read properties of undefined (reading 'textContent') @ :4656
[   24885ms] [ERROR] Error: TypeError: Cannot read properties of null (reading 'value') @ :4658
[   25185ms] [ERROR] Mecanismo no reconocido @ :4047
[   25201ms] [WARNING] No se encontró un rango de cobranza para 0 días de mora @ :4495
[   25289ms] [LOG] Abono mínimo sin descuento: 0 @ :2280
[   25290ms] [LOG] Abono con descuento máximo: 20000 @ :2292
[   25318ms] [ERROR] Mecanismo no reconocido @ :4047
[   25328ms] [WARNING] No se encontró un rango de cobranza para 0 días de mora @ :4495
[   25633ms] [ERROR] Mecanismo no reconocido @ :4047
[   25644ms] [WARNING] No se encontró un rango de cobranza para 0 días de mora @ :4495
[   25795ms] [ERROR] Error: TypeError: Cannot read properties of undefined (reading 'textContent') @ :4656
[   25807ms] [LOG] synchronizeData: No pending changes to synchronize @ https://simuladorcobranzasbdbpru.lappiz.io/main.aaf20cd1339efdfd.js:684
[   25808ms] [LOG] synchronizeData: No pending changes to synchronize @ https://simuladorcobranzasbdbpru.lappiz.io/main.aaf20cd1339efdfd.js:684
[   25809ms] [LOG] synchronizeData: No pending changes to synchronize @ https://simuladorcobranzasbdbpru.lappiz.io/main.aaf20cd1339efdfd.js:684
[   25810ms] [LOG] synchronizeData: No pending changes to synchronize @ https://simuladorcobranzasbdbpru.lappiz.io/main.aaf20cd1339efdfd.js:684
[   25811ms] [LOG] synchronizeData: No pending changes to synchronize @ https://simuladorcobranzasbdbpru.lappiz.io/main.aaf20cd1339efdfd.js:684
[   25812ms] [LOG] synchronizeData: No pending changes to synchronize @ https://simuladorcobranzasbdbpru.lappiz.io/main.aaf20cd1339efdfd.js:684
[   25813ms] [LOG] synchronizeData: No pending changes to synchronize @ https://simuladorcobranzasbdbpru.lappiz.io/main.aaf20cd1339efdfd.js:684
[   25814ms] [LOG] synchronizeData: No pending changes to synchronize @ https://simuladorcobranzasbdbpru.lappiz.io/main.aaf20cd1339efdfd.js:684
[   25815ms] [LOG] synchronizeData: No pending changes to synchronize @ https://simuladorcobranzasbdbpru.lappiz.io/main.aaf20cd1339efdfd.js:684
[   25816ms] [LOG] synchronizeData: No pending changes to synchronize @ https://simuladorcobranzasbdbpru.lappiz.io/main.aaf20cd1339efdfd.js:684
[   25818ms] [LOG] synchronizeData: No pending changes to synchronize @ https://simuladorcobranzasbdbpru.lappiz.io/main.aaf20cd1339efdfd.js:684
[   25819ms] [LOG] synchronizeData: No pending changes to synchronize @ https://simuladorcobranzasbdbpru.lappiz.io/main.aaf20cd1339efdfd.js:684
[   25821ms] [LOG] synchronizeData: No pending changes to synchronize @ https://simuladorcobranzasbdbpru.lappiz.io/main.aaf20cd1339efdfd.js:684
[   25822ms] [LOG] synchronizeData: No pending changes to synchronize @ https://simuladorcobranzasbdbpru.lappiz.io/main.aaf20cd1339efdfd.js:684
[   25824ms] [LOG] synchronizeData: No pending changes to synchronize @ https://simuladorcobranzasbdbpru.lappiz.io/main.aaf20cd1339efdfd.js:684
[   25825ms] [LOG] synchronizeData: No pending changes to synchronize @ https://simuladorcobranzasbdbpru.lappiz.io/main.aaf20cd1339efdfd.js:684
[   25827ms] [LOG] synchronizeData: No pending changes to synchronize @ https://simuladorcobranzasbdbpru.lappiz.io/main.aaf20cd1339efdfd.js:684
[   25828ms] [LOG] synchronizeData: No pending changes to synchronize @ https://simuladorcobranzasbdbpru.lappiz.io/main.aaf20cd1339efdfd.js:684
[   25829ms] [LOG] synchronizeData: No pending changes to synchronize @ https://simuladorcobranzasbdbpru.lappiz.io/main.aaf20cd1339efdfd.js:684
[   25830ms] [LOG] synchronizeData: No pending changes to synchronize @ https://simuladorcobranzasbdbpru.lappiz.io/main.aaf20cd1339efdfd.js:684
[   25832ms] [LOG] synchronizeData: No pending changes to synchronize @ https://simuladorcobranzasbdbpru.lappiz.io/main.aaf20cd1339efdfd.js:684
[   25833ms] [LOG] synchronizeData: No pending changes to synchronize @ https://simuladorcobranzasbdbpru.lappiz.io/main.aaf20cd1339efdfd.js:684
[   25835ms] [LOG] synchronizeData: No pending changes to synchronize @ https://simuladorcobranzasbdbpru.lappiz.io/main.aaf20cd1339efdfd.js:684
[   25862ms] [LOG] La fecha no cumple la condición @ :3244
[   25935ms] [LOG] La fecha no cumple la condición @ :3244
[   25937ms] [LOG] La fecha no cumple la condición @ :3244
[   25940ms] [LOG] La fecha no cumple la condición @ :3244
[   25945ms] [LOG] [Object] @ :4661
[   26178ms] [ERROR] ERROR TypeError: Cannot read properties of null (reading 'style')
    at eval (eval at myService.evalEvent (https://simuladorcobranzasbdbpru.lappiz.io/main.aaf20cd1339efdfd.js:685:2704682), <anonymous>:4671:127)
    at P.<computed> (https://simuladorcobranzasbdbpru.lappiz.io/polyfills.d8ab91b0f38b471a.js:1:41246)
    at _.invokeTask (https://simuladorcobranzasbdbpru.lappiz.io/polyfills.d8ab91b0f38b471a.js:1:8309)
    at Object.onInvokeTask (https://simuladorcobranzasbdbpru.lappiz.io/main.aaf20cd1339efdfd.js:685:5433465)
    at _.invokeTask (https://simuladorcobranzasbdbpru.lappiz.io/polyfills.d8ab91b0f38b471a.js:1:8230)
    at _.runTask (https://simuladorcobranzasbdbpru.lappiz.io/polyfills.d8ab91b0f38b471a.js:1:3354)
    at _.invokeTask (https://simuladorcobranzasbdbpru.lappiz.io/polyfills.d8ab91b0f38b471a.js:1:9449)
    at invoke (https://simuladorcobranzasbdbpru.lappiz.io/polyfills.d8ab91b0f38b471a.js:1:9339)
    at E.T.args.<computed> (https://simuladorcobranzasbdbpru.lappiz.io/polyfills.d8ab91b0f38b471a.js:1:40944) @ https://simuladorcobranzasbdbpru.lappiz.io/main.aaf20cd1339efdfd.js:684
[   26287ms] [LOG] undefined @ :4466
[   26287ms] [ERROR] Error al mostrar los campos: TypeError: Cannot read properties of undefined (reading 'ValorHonorarios')
    at calculoHonorarios (eval at myService.evalEvent (https://simuladorcobranzasbdbpru.lappiz.io/main.aaf20cd1339efdfd.js:685:2704682), <anonymous>:4468:57) @ :4470
[   26293ms] [LOG] undefined @ :4466
[   26294ms] [ERROR] Error al mostrar los campos: TypeError: Cannot read properties of undefined (reading 'ValorHonorarios')
    at calculoHonorarios (eval at myService.evalEvent (https://simuladorcobranzasbdbpru.lappiz.io/main.aaf20cd1339efdfd.js:685:2704682), <anonymous>:4468:57) @ :4470
[   26550ms] [LOG] undefined @ :4466
[   26551ms] [ERROR] Error al mostrar los campos: TypeError: Cannot read properties of undefined (reading 'ValorHonorarios')
    at calculoHonorarios (eval at myService.evalEvent (https://simuladorcobranzasbdbpru.lappiz.io/main.aaf20cd1339efdfd.js:685:2704682), <anonymous>:4468:57) @ :4470
[   26593ms] [WARNING] No se encontró un rango de cobranza para 0 días de mora @ :4495
[   26632ms] [LOG] Abono mínimo sin descuento: 0 @ :2280
[   26632ms] [LOG] Abono con descuento máximo: 20000 @ :2292
[   26674ms] [WARNING] No se encontró un rango de cobranza para 0 días de mora @ :4495
[   26757ms] [ERROR] Failed to load resource: the server responded with a status of 500 () @ https://txtest.lappiz.io/SimiladorDNC_Lappiz.api/api/lappiz/get/SimiladorDNC_Lappiz_PoblamientoDatos:0
[   26760ms] [ERROR] ERROR Error: Uncaught (in promise): ()=>ue
    at te (https://simuladorcobranzasbdbpru.lappiz.io/polyfills.d8ab91b0f38b471a.js:1:17787)
    at https://simuladorcobranzasbdbpru.lappiz.io/polyfills.d8ab91b0f38b471a.js:1:16863
    at https://simuladorcobranzasbdbpru.lappiz.io/polyfills.d8ab91b0f38b471a.js:1:16969
    at l (https://simuladorcobranzasbdbpru.lappiz.io/main.aaf20cd1339efdfd.js:685:5598899)
    at p (https://simuladorcobranzasbdbpru.lappiz.io/main.aaf20cd1339efdfd.js:685:5599102)
    at _.invoke (https://simuladorcobranzasbdbpru.lappiz.io/polyfills.d8ab91b0f38b471a.js:1:7624)
    at Object.onInvoke (https://simuladorcobranzasbdbpru.lappiz.io/main.aaf20cd1339efdfd.js:685:5433667)
    at _.invoke (https://simuladorcobranzasbdbpru.lappiz.io/polyfills.d8ab91b0f38b471a.js:1:7563)
    at _.run (https://simuladorcobranzasbdbpru.lappiz.io/polyfills.d8ab91b0f38b471a.js:1:2685)
    at https://simuladorcobranzasbdbpru.lappiz.io/polyfills.d8ab91b0f38b471a.js:1:18582 @ https://simuladorcobranzasbdbpru.lappiz.io/main.aaf20cd1339efdfd.js:684
[   26930ms] [WARNING] No se encontró un rango de cobranza para 0 días de mora @ :4495
[   27101ms] [ERROR] ERROR TypeError: Cannot read properties of undefined (reading 'bind')
    at eval (eval at myService.evalEvent (https://simuladorcobranzasbdbpru.lappiz.io/main.aaf20cd1339efdfd.js:685:2704682), <anonymous>:4737:22)
    at P.<computed> (https://simuladorcobranzasbdbpru.lappiz.io/polyfills.d8ab91b0f38b471a.js:1:41246)
    at _.invokeTask (https://simuladorcobranzasbdbpru.lappiz.io/polyfills.d8ab91b0f38b471a.js:1:8309)
    at Object.onInvokeTask (https://simuladorcobranzasbdbpru.lappiz.io/main.aaf20cd1339efdfd.js:685:5433465)
    at _.invokeTask (https://simuladorcobranzasbdbpru.lappiz.io/polyfills.d8ab91b0f38b471a.js:1:8230)
    at _.runTask (https://simuladorcobranzasbdbpru.lappiz.io/polyfills.d8ab91b0f38b471a.js:1:3354)
    at _.invokeTask (https://simuladorcobranzasbdbpru.lappiz.io/polyfills.d8ab91b0f38b471a.js:1:9449)
    at invoke (https://simuladorcobranzasbdbpru.lappiz.io/polyfills.d8ab91b0f38b471a.js:1:9339)
    at E.T.args.<computed> (https://simuladorcobranzasbdbpru.lappiz.io/polyfills.d8ab91b0f38b471a.js:1:40944) @ https://simuladorcobranzasbdbpru.lappiz.io/main.aaf20cd1339efdfd.js:684
[   27806ms] SyntaxError: Failed to execute 'appendChild' on 'Node': Unexpected token '<'
    at l (https://simuladorcobranzasbdbpru.lappiz.io/scripts.a671500478c5251e.js:1:892)
    at e.globalEval (https://simuladorcobranzasbdbpru.lappiz.io/scripts.a671500478c5251e.js:1:3074)
    at Object.dataFilter (https://simuladorcobranzasbdbpru.lappiz.io/scripts.a671500478c5251e.js:1:87497)
    at https://simuladorcobranzasbdbpru.lappiz.io/scripts.a671500478c5251e.js:1:85798
    at Un (https://simuladorcobranzasbdbpru.lappiz.io/scripts.a671500478c5251e.js:1:86251)
    at XMLHttpRequest.<anonymous> (https://simuladorcobranzasbdbpru.lappiz.io/scripts.a671500478c5251e.js:1:89227)
    at XMLHttpRequest.lt (https://simuladorcobranzasbdbpru.lappiz.io/polyfills.d8ab91b0f38b471a.js:1:13288)
    at _.invokeTask (https://simuladorcobranzasbdbpru.lappiz.io/polyfills.d8ab91b0f38b471a.js:1:8309)
    at Object.onInvokeTask (https://simuladorcobranzasbdbpru.lappiz.io/main.aaf20cd1339efdfd.js:685:5433465)
    at _.invokeTask (https://simuladorcobranzasbdbpru.lappiz.io/polyfills.d8ab91b0f38b471a.js:1:8230)
[   28785ms] [LOG] ✅ Sincronización completa {workspace: Object, _id: e402b0fe-7b28-462d-b313-545064751c21, versioncache: d531cc66-1140-4f06-8f0f-8a4a82f23d1f} @ https://simuladorcobranzasbdbpru.lappiz.io/main.aaf20cd1339efdfd.js:684
[   56902ms] [LOG] console.log(backandGlobal.environment); TEST @ :2373
[   56910ms] [LOG] ITAU: no se encontraron obligaciones @ :2061
[   57216ms] [LOG] [{"maxDias":60,"minDias":31,"porcAbonoMinimo":0.1071},{"maxDias":9999,"minDias":151,"porcAbonoMinimo":0.1428},{"maxDias":120,"minDias":91,"porcAbonoMinimo":0.1428},{"maxDias":90,"minDias":61,"porcAbonoMinimo":0.119},{"maxDias":15,"minDias":11,"porcAbonoMinimo":0.0714},{"maxDias":30,"minDias":16,"porcAbonoMinimo":0.0952},{"maxDias":150,"minDias":121,"porcAbonoMinimo":0.1428},{"maxDias":10,"minDias":1,"porcAbonoMinimo":0}] @ :2449
[   82218ms] [ERROR] Error: ReferenceError: validacionPoliticaCancelacion is not defined @ :4656
[   82221ms] [LOG] synchronizeData: No pending changes to synchronize @ https://simuladorcobranzasbdbpru.lappiz.io/main.aaf20cd1339efdfd.js:684
[   82225ms] [LOG] synchronizeData: No pending changes to synchronize @ https://simuladorcobranzasbdbpru.lappiz.io/main.aaf20cd1339efdfd.js:684
[   82236ms] [LOG] [e321eed7-845b-46e4-89f8-0bdf0c53e0e4, #9ccfa8bd-4060-4aa1-b437-4528d6f9bc35, #6e51a18a-184d-455f-9f42-6b3a3d56729f, GASTOS_CALL, 0119, HIPOTECARIO, pagomora] @ :2848
[   82261ms] [LOG] [bda37ca7-d503-4d41-8ff4-aebde2cb7c30, #8e8d6cf2-299c-4b45-8059-64cf50b2bd11, #dfe46e30-5328-485e-bc80-bec20aab2d02, GASTOS_CALL, 0119, HIPOTECARIO, cancelacion] @ :2848
[   82296ms] [LOG] synchronizeData: No pending changes to synchronize @ https://simuladorcobranzasbdbpru.lappiz.io/main.aaf20cd1339efdfd.js:684
[   82298ms] [LOG] initGastoNov -> TipoCobro: "GASTOS_CALL" | objetivo: GASTO @ :2238
[   82310ms] [LOG] initGastoNov -> seleccionado: Gastos por cobranza @ :2259
[   82923ms] [LOG] Tasas de ampliación obtenidas de la base de datos: {PorcAmpliacionIntCte: 35, PorcAmpliacionIntMora: 100} @ :787
[   82924ms] [LOG] [020563ab-b407-433b-bcf3-c534456818f3, #8e1dc11f-e65c-4141-a1d5-42850fd9b214, #93f08e21-47c5-48ee-8acc-b093afe84a38, GASTOS_CALL, 0119, HIPOTECARIO, ampliacion] @ :2848
[   82925ms] [LOG] Abono mínimo sin descuento: 84734 @ :2280
[   82925ms] [LOG] Abono con descuento máximo: 75852 @ :2292
[   82934ms] [LOG] Abono mínimo sin descuento: 84734 @ :2280
[   82934ms] [LOG] Abono con descuento máximo: 75852 @ :2292
[   82938ms] [LOG] Abono mínimo sin descuento: 84734 @ :2280
[   82938ms] [LOG] Abono con descuento máximo: 75852 @ :2292
[   82945ms] [LOG] Abono mínimo sin descuento: 84734 @ :2280
[   82945ms] [LOG] Abono con descuento máximo: 75852 @ :2292
[   82949ms] [LOG] Abono mínimo sin descuento: 84734 @ :2280
[   82949ms] [LOG] Abono con descuento máximo: 75852 @ :2292
[   82955ms] [LOG] Abono mínimo sin descuento: 84734 @ :2280
[   82955ms] [LOG] Abono con descuento máximo: 75852 @ :2292
[   82964ms] [LOG] Abono mínimo sin descuento: 84734 @ :2280
[   82964ms] [LOG] Abono con descuento máximo: 75852 @ :2292
[   82970ms] [LOG] Abono mínimo sin descuento: 84734 @ :2280
[   82970ms] [LOG] Abono con descuento máximo: 75852 @ :2292
[   82976ms] [LOG] Abono mínimo sin descuento: 84734 @ :2280
[   82976ms] [LOG] Abono con descuento máximo: 75852 @ :2292
[   82986ms] [LOG] Abono mínimo sin descuento: 84734 @ :2280
[   82986ms] [LOG] Abono con descuento máximo: 75852 @ :2292
[   82991ms] [LOG] Abono mínimo sin descuento: 84734 @ :2280
[   82992ms] [LOG] Abono con descuento máximo: 75852 @ :2292
[   83012ms] [ERROR] ERROR Error: Uncaught (in promise): ReferenceError: PagoMinObl is not defined
ReferenceError: PagoMinObl is not defined
    at eval (eval at myService.evalEvent (https://simuladorcobranzasbdbpru.lappiz.io/main.aaf20cd1339efdfd.js:685:2704682), <anonymous>:4650:43)
    at _.invoke (https://simuladorcobranzasbdbpru.lappiz.io/polyfills.d8ab91b0f38b471a.js:1:7624)
    at Object.onInvoke (https://simuladorcobranzasbdbpru.lappiz.io/main.aaf20cd1339efdfd.js:685:5433667)
    at _.invoke (https://simuladorcobranzasbdbpru.lappiz.io/polyfills.d8ab91b0f38b471a.js:1:7563)
    at _.run (https://simuladorcobranzasbdbpru.lappiz.io/polyfills.d8ab91b0f38b471a.js:1:2685)
    at https://simuladorcobranzasbdbpru.lappiz.io/polyfills.d8ab91b0f38b471a.js:1:18582
    at _.invokeTask (https://simuladorcobranzasbdbpru.lappiz.io/polyfills.d8ab91b0f38b471a.js:1:8309)
    at Object.onInvokeTask (https://simuladorcobranzasbdbpru.lappiz.io/main.aaf20cd1339efdfd.js:685:5433465)
    at _.invokeTask (https://simuladorcobranzasbdbpru.lappiz.io/polyfills.d8ab91b0f38b471a.js:1:8230)
    at _.runTask (https://simuladorcobranzasbdbpru.lappiz.io/polyfills.d8ab91b0f38b471a.js:1:3354)
    at eval (eval at myService.evalEvent (https://simuladorcobranzasbdbpru.lappiz.io/main.aaf20cd1339efdfd.js:685:2704682), <anonymous>:4650:43)
    at _.invoke (https://simuladorcobranzasbdbpru.lappiz.io/polyfills.d8ab91b0f38b471a.js:1:7624)
    at Object.onInvoke (https://simuladorcobranzasbdbpru.lappiz.io/main.aaf20cd1339efdfd.js:685:5433667)
    at _.invoke (https://simuladorcobranzasbdbpru.lappiz.io/polyfills.d8ab91b0f38b471a.js:1:7563)
    at _.run (https://simuladorcobranzasbdbpru.lappiz.io/polyfills.d8ab91b0f38b471a.js:1:2685)
    at https://simuladorcobranzasbdbpru.lappiz.io/polyfills.d8ab91b0f38b471a.js:1:18582
    at _.invokeTask (https://simuladorcobranzasbdbpru.lappiz.io/polyfills.d8ab91b0f38b471a.js:1:8309)
    at Object.onInvokeTask (https://simuladorcobranzasbdbpru.lappiz.io/main.aaf20cd1339efdfd.js:685:5433465)
    at _.invokeTask (https://simuladorcobranzasbdbpru.lappiz.io/polyfills.d8ab91b0f38b471a.js:1:8230)
    at _.runTask (https://simuladorcobranzasbdbpru.lappiz.io/polyfills.d8ab91b0f38b471a.js:1:3354)
    at te (https://simuladorcobranzasbdbpru.lappiz.io/polyfills.d8ab91b0f38b471a.js:1:17787)
    at https://simuladorcobranzasbdbpru.lappiz.io/polyfills.d8ab91b0f38b471a.js:1:18640
    at _.invokeTask (https://simuladorcobranzasbdbpru.lappiz.io/polyfills.d8ab91b0f38b471a.js:1:8309)
    at Object.onInvokeTask (https://simuladorcobranzasbdbpru.lappiz.io/main.aaf20cd1339efdfd.js:685:5433465)
    at _.invokeTask (https://simuladorcobranzasbdbpru.lappiz.io/polyfills.d8ab91b0f38b471a.js:1:8230)
    at _.runTask (https://simuladorcobranzasbdbpru.lappiz.io/polyfills.d8ab91b0f38b471a.js:1:3354)
    at U (https://simuladorcobranzasbdbpru.lappiz.io/polyfills.d8ab91b0f38b471a.js:1:10711)
    at _.invokeTask [as invoke] (https://simuladorcobranzasbdbpru.lappiz.io/polyfills.d8ab91b0f38b471a.js:1:9479)
    at O (https://simuladorcobranzasbdbpru.lappiz.io/polyfills.d8ab91b0f38b471a.js:1:23116)
    at A (https://simuladorcobranzasbdbpru.lappiz.io/polyfills.d8ab91b0f38b471a.js:1:23489) @ https://simuladorcobranzasbdbpru.lappiz.io/main.aaf20cd1339efdfd.js:684
[   83018ms] [LOG] {PorcCancelacionIntMora: 100, PorcCancelacionIntCte: 100, PorcentajeCT: 0} @ :3490
