[    1133ms] [LOG] ✅ Lappiz Chat Widget registrado exitosamente @ https://cdn.jsdelivr.net/gh/finticlappiz/lappiz-ia-widget@latest/dist/browser/main.js:8
[    1323ms] [WARNING] Google Maps JavaScript API has been loaded directly without loading=async. This can result in suboptimal performance. For best-practice loading patterns please see https://goo.gle/js-api-loading @ https://maps.google.com/maps/api/js?key=AIzaSyAvbIF7EC0gAJzv8GQeE-0EiEWgR-VEM4o&libraries=geometry,places,visualization:2620
[    8545ms] [LOG] Platform ready, SQLite available @ https://simuladorcobranzasbdbpru.lappiz.io/main.aaf20cd1339efdfd.js:684
[    8833ms] [LOG] No hay sesión activa @ https://simuladorcobranzasbdbpru.lappiz.io/4.ea624e8d2330eccd.js:0
[    8905ms] [WARNING] <meta name="apple-mobile-web-app-capable" content="yes"> is deprecated. Please include <meta name="mobile-web-app-capable" content="yes"> @ https://simuladorcobranzasbdbpru.lappiz.io/#/:0
[    8907ms] [LOG] Se ha creado correctamente el registro del stateApp @ https://simuladorcobranzasbdbpru.lappiz.io/4.ea624e8d2330eccd.js:0
[    8908ms] [LOG] Se ha creado correctamente el registro del stateApp @ https://simuladorcobranzasbdbpru.lappiz.io/main.aaf20cd1339efdfd.js:684
[    8934ms] [LOG] User ID is missing. Please ensure the user is logged in. @ https://simuladorcobranzasbdbpru.lappiz.io/main.aaf20cd1339efdfd.js:684
[   10361ms] [ERROR] Error: TypeError: Cannot read properties of null (reading 'style') @ :88
[   11132ms] [LOG] Se creo el documento userInfo con exito @ https://simuladorcobranzasbdbpru.lappiz.io/main.aaf20cd1339efdfd.js:684
[   11393ms] [LOG] Se actualizo el documento userInfo con exito @ https://simuladorcobranzasbdbpru.lappiz.io/main.aaf20cd1339efdfd.js:684
[   13969ms] [ERROR] Error: ReferenceError: validacionPoliticaCancelacion is not defined @ :4656
[   13977ms] [ERROR] Error: TypeError: Cannot set properties of null (setting 'selectedIndex') @ :4656
[   14031ms] [ERROR] Error: TypeError: Cannot read properties of undefined (reading 'textContent') @ :4656
[   14038ms] [ERROR] Error: TypeError: Cannot read properties of undefined (reading 'textContent') @ :4656
[   14049ms] [ERROR] Error: TypeError: Cannot read properties of null (reading 'value') @ :4658
[   14295ms] [ERROR] Mecanismo no reconocido @ :4047
[   14317ms] [WARNING] No se encontró un rango de cobranza para 0 días de mora @ :4495
[   14400ms] [LOG] Abono mínimo sin descuento: 0 @ :2280
[   14400ms] [LOG] Abono con descuento máximo: 20000 @ :2292
[   14432ms] [ERROR] Mecanismo no reconocido @ :4047
[   14443ms] [WARNING] No se encontró un rango de cobranza para 0 días de mora @ :4495
[   14746ms] [ERROR] Mecanismo no reconocido @ :4047
[   14752ms] [WARNING] No se encontró un rango de cobranza para 0 días de mora @ :4495
[   14919ms] [ERROR] Error: TypeError: Cannot read properties of undefined (reading 'textContent') @ :4656
[   14929ms] [LOG] synchronizeData: No pending changes to synchronize @ https://simuladorcobranzasbdbpru.lappiz.io/main.aaf20cd1339efdfd.js:684
[   14932ms] [LOG] synchronizeData: No pending changes to synchronize @ https://simuladorcobranzasbdbpru.lappiz.io/main.aaf20cd1339efdfd.js:684
[   14934ms] [LOG] synchronizeData: No pending changes to synchronize @ https://simuladorcobranzasbdbpru.lappiz.io/main.aaf20cd1339efdfd.js:684
[   14935ms] [LOG] synchronizeData: No pending changes to synchronize @ https://simuladorcobranzasbdbpru.lappiz.io/main.aaf20cd1339efdfd.js:684
[   14936ms] [LOG] synchronizeData: No pending changes to synchronize @ https://simuladorcobranzasbdbpru.lappiz.io/main.aaf20cd1339efdfd.js:684
[   14937ms] [LOG] synchronizeData: No pending changes to synchronize @ https://simuladorcobranzasbdbpru.lappiz.io/main.aaf20cd1339efdfd.js:684
[   14938ms] [LOG] synchronizeData: No pending changes to synchronize @ https://simuladorcobranzasbdbpru.lappiz.io/main.aaf20cd1339efdfd.js:684
[   14939ms] [LOG] synchronizeData: No pending changes to synchronize @ https://simuladorcobranzasbdbpru.lappiz.io/main.aaf20cd1339efdfd.js:684
[   14940ms] [LOG] synchronizeData: No pending changes to synchronize @ https://simuladorcobranzasbdbpru.lappiz.io/main.aaf20cd1339efdfd.js:684
[   14941ms] [LOG] synchronizeData: No pending changes to synchronize @ https://simuladorcobranzasbdbpru.lappiz.io/main.aaf20cd1339efdfd.js:684
[   14942ms] [LOG] synchronizeData: No pending changes to synchronize @ https://simuladorcobranzasbdbpru.lappiz.io/main.aaf20cd1339efdfd.js:684
[   14943ms] [LOG] synchronizeData: No pending changes to synchronize @ https://simuladorcobranzasbdbpru.lappiz.io/main.aaf20cd1339efdfd.js:684
[   14944ms] [LOG] synchronizeData: No pending changes to synchronize @ https://simuladorcobranzasbdbpru.lappiz.io/main.aaf20cd1339efdfd.js:684
[   14945ms] [LOG] synchronizeData: No pending changes to synchronize @ https://simuladorcobranzasbdbpru.lappiz.io/main.aaf20cd1339efdfd.js:684
[   14946ms] [LOG] synchronizeData: No pending changes to synchronize @ https://simuladorcobranzasbdbpru.lappiz.io/main.aaf20cd1339efdfd.js:684
[   14947ms] [LOG] synchronizeData: No pending changes to synchronize @ https://simuladorcobranzasbdbpru.lappiz.io/main.aaf20cd1339efdfd.js:684
[   14948ms] [LOG] synchronizeData: No pending changes to synchronize @ https://simuladorcobranzasbdbpru.lappiz.io/main.aaf20cd1339efdfd.js:684
[   14949ms] [LOG] synchronizeData: No pending changes to synchronize @ https://simuladorcobranzasbdbpru.lappiz.io/main.aaf20cd1339efdfd.js:684
[   14950ms] [LOG] synchronizeData: No pending changes to synchronize @ https://simuladorcobranzasbdbpru.lappiz.io/main.aaf20cd1339efdfd.js:684
[   14951ms] [LOG] synchronizeData: No pending changes to synchronize @ https://simuladorcobranzasbdbpru.lappiz.io/main.aaf20cd1339efdfd.js:684
[   14953ms] [LOG] synchronizeData: No pending changes to synchronize @ https://simuladorcobranzasbdbpru.lappiz.io/main.aaf20cd1339efdfd.js:684
[   14954ms] [LOG] synchronizeData: No pending changes to synchronize @ https://simuladorcobranzasbdbpru.lappiz.io/main.aaf20cd1339efdfd.js:684
[   14957ms] [LOG] synchronizeData: No pending changes to synchronize @ https://simuladorcobranzasbdbpru.lappiz.io/main.aaf20cd1339efdfd.js:684
[   15165ms] [LOG] La fecha no cumple la condición @ :3244
[   15169ms] [LOG] La fecha no cumple la condición @ :3244
[   15172ms] [LOG] La fecha no cumple la condición @ :3244
[   15175ms] [LOG] La fecha no cumple la condición @ :3244
[   15182ms] [LOG] [Object] @ :4661
[   15447ms] [ERROR] ERROR TypeError: Cannot read properties of null (reading 'style')
    at eval (eval at myService.evalEvent (https://simuladorcobranzasbdbpru.lappiz.io/main.aaf20cd1339efdfd.js:685:2704682), <anonymous>:4671:127)
    at P.<computed> (https://simuladorcobranzasbdbpru.lappiz.io/polyfills.d8ab91b0f38b471a.js:1:41246)
    at _.invokeTask (https://simuladorcobranzasbdbpru.lappiz.io/polyfills.d8ab91b0f38b471a.js:1:8309)
    at Object.onInvokeTask (https://simuladorcobranzasbdbpru.lappiz.io/main.aaf20cd1339efdfd.js:685:5433465)
    at _.invokeTask (https://simuladorcobranzasbdbpru.lappiz.io/polyfills.d8ab91b0f38b471a.js:1:8230)
    at _.runTask (https://simuladorcobranzasbdbpru.lappiz.io/polyfills.d8ab91b0f38b471a.js:1:3354)
    at _.invokeTask (https://simuladorcobranzasbdbpru.lappiz.io/polyfills.d8ab91b0f38b471a.js:1:9449)
    at invoke (https://simuladorcobranzasbdbpru.lappiz.io/polyfills.d8ab91b0f38b471a.js:1:9339)
    at E.T.args.<computed> (https://simuladorcobranzasbdbpru.lappiz.io/polyfills.d8ab91b0f38b471a.js:1:40944) @ https://simuladorcobranzasbdbpru.lappiz.io/main.aaf20cd1339efdfd.js:684
[   15539ms] [LOG] undefined @ :4466
[   15540ms] [ERROR] Error al mostrar los campos: TypeError: Cannot read properties of undefined (reading 'ValorHonorarios')
    at calculoHonorarios (eval at myService.evalEvent (https://simuladorcobranzasbdbpru.lappiz.io/main.aaf20cd1339efdfd.js:685:2704682), <anonymous>:4468:57) @ :4470
[   15555ms] [LOG] undefined @ :4466
[   15555ms] [ERROR] Error al mostrar los campos: TypeError: Cannot read properties of undefined (reading 'ValorHonorarios')
    at calculoHonorarios (eval at myService.evalEvent (https://simuladorcobranzasbdbpru.lappiz.io/main.aaf20cd1339efdfd.js:685:2704682), <anonymous>:4468:57) @ :4470
[   15764ms] [LOG] undefined @ :4466
[   15764ms] [ERROR] Error al mostrar los campos: TypeError: Cannot read properties of undefined (reading 'ValorHonorarios')
    at calculoHonorarios (eval at myService.evalEvent (https://simuladorcobranzasbdbpru.lappiz.io/main.aaf20cd1339efdfd.js:685:2704682), <anonymous>:4468:57) @ :4470
[   15811ms] [WARNING] No se encontró un rango de cobranza para 0 días de mora @ :4495
[   15851ms] [LOG] Abono mínimo sin descuento: 0 @ :2280
[   15851ms] [LOG] Abono con descuento máximo: 20000 @ :2292
[   15860ms] [WARNING] No se encontró un rango de cobranza para 0 días de mora @ :4495
[   16128ms] [WARNING] No se encontró un rango de cobranza para 0 días de mora @ :4495
[   16220ms] [ERROR] ERROR TypeError: Cannot read properties of undefined (reading 'bind')
    at eval (eval at myService.evalEvent (https://simuladorcobranzasbdbpru.lappiz.io/main.aaf20cd1339efdfd.js:685:2704682), <anonymous>:4737:22)
    at P.<computed> (https://simuladorcobranzasbdbpru.lappiz.io/polyfills.d8ab91b0f38b471a.js:1:41246)
    at _.invokeTask (https://simuladorcobranzasbdbpru.lappiz.io/polyfills.d8ab91b0f38b471a.js:1:8309)
    at Object.onInvokeTask (https://simuladorcobranzasbdbpru.lappiz.io/main.aaf20cd1339efdfd.js:685:5433465)
    at _.invokeTask (https://simuladorcobranzasbdbpru.lappiz.io/polyfills.d8ab91b0f38b471a.js:1:8230)
    at _.runTask (https://simuladorcobranzasbdbpru.lappiz.io/polyfills.d8ab91b0f38b471a.js:1:3354)
    at _.invokeTask (https://simuladorcobranzasbdbpru.lappiz.io/polyfills.d8ab91b0f38b471a.js:1:9449)
    at invoke (https://simuladorcobranzasbdbpru.lappiz.io/polyfills.d8ab91b0f38b471a.js:1:9339)
    at E.T.args.<computed> (https://simuladorcobranzasbdbpru.lappiz.io/polyfills.d8ab91b0f38b471a.js:1:40944) @ https://simuladorcobranzasbdbpru.lappiz.io/main.aaf20cd1339efdfd.js:684
[   16513ms] SyntaxError: Failed to execute 'appendChild' on 'Node': Unexpected token '<'
    at l (https://simuladorcobranzasbdbpru.lappiz.io/scripts.a671500478c5251e.js:1:892)
    at e.globalEval (https://simuladorcobranzasbdbpru.lappiz.io/scripts.a671500478c5251e.js:1:3074)
    at Object.dataFilter (https://simuladorcobranzasbdbpru.lappiz.io/scripts.a671500478c5251e.js:1:87497)
    at https://simuladorcobranzasbdbpru.lappiz.io/scripts.a671500478c5251e.js:1:85798
    at Un (https://simuladorcobranzasbdbpru.lappiz.io/scripts.a671500478c5251e.js:1:86251)
    at XMLHttpRequest.<anonymous> (https://simuladorcobranzasbdbpru.lappiz.io/scripts.a671500478c5251e.js:1:89227)
    at XMLHttpRequest.lt (https://simuladorcobranzasbdbpru.lappiz.io/polyfills.d8ab91b0f38b471a.js:1:13288)
    at _.invokeTask (https://simuladorcobranzasbdbpru.lappiz.io/polyfills.d8ab91b0f38b471a.js:1:8309)
    at Object.onInvokeTask (https://simuladorcobranzasbdbpru.lappiz.io/main.aaf20cd1339efdfd.js:685:5433465)
    at _.invokeTask (https://simuladorcobranzasbdbpru.lappiz.io/polyfills.d8ab91b0f38b471a.js:1:8230)
[   16915ms] [ERROR] Failed to load resource: the server responded with a status of 500 () @ https://txtest.lappiz.io/SimiladorDNC_Lappiz.api/api/lappiz/get/SimiladorDNC_Lappiz_PoblamientoDatos:0
[   16922ms] [ERROR] ERROR Error: Uncaught (in promise): ()=>ue
    at te (https://simuladorcobranzasbdbpru.lappiz.io/polyfills.d8ab91b0f38b471a.js:1:17787)
    at https://simuladorcobranzasbdbpru.lappiz.io/polyfills.d8ab91b0f38b471a.js:1:16863
    at https://simuladorcobranzasbdbpru.lappiz.io/polyfills.d8ab91b0f38b471a.js:1:16969
    at l (https://simuladorcobranzasbdbpru.lappiz.io/main.aaf20cd1339efdfd.js:685:5598899)
    at p (https://simuladorcobranzasbdbpru.lappiz.io/main.aaf20cd1339efdfd.js:685:5599102)
    at _.invoke (https://simuladorcobranzasbdbpru.lappiz.io/polyfills.d8ab91b0f38b471a.js:1:7624)
    at Object.onInvoke (https://simuladorcobranzasbdbpru.lappiz.io/main.aaf20cd1339efdfd.js:685:5433667)
    at _.invoke (https://simuladorcobranzasbdbpru.lappiz.io/polyfills.d8ab91b0f38b471a.js:1:7563)
    at _.run (https://simuladorcobranzasbdbpru.lappiz.io/polyfills.d8ab91b0f38b471a.js:1:2685)
    at https://simuladorcobranzasbdbpru.lappiz.io/polyfills.d8ab91b0f38b471a.js:1:18582 @ https://simuladorcobranzasbdbpru.lappiz.io/main.aaf20cd1339efdfd.js:684
[   21278ms] [LOG] ✅ Sincronización completa {workspace: Object, versioncache: d531cc66-1140-4f06-8f0f-8a4a82f23d1f, _id: e402b0fe-7b28-462d-b313-545064751c21, _rev: 1-7115739b1ac15a3e1eb2e57d85663571} @ https://simuladorcobranzasbdbpru.lappiz.io/main.aaf20cd1339efdfd.js:684
[   32066ms] [LOG] console.log(backandGlobal.environment); TEST @ :2373
[   32071ms] [LOG] ITAU: no se encontraron obligaciones @ :2061
[   32355ms] [LOG] [{"maxDias":60,"minDias":31,"porcAbonoMinimo":0.1071},{"maxDias":9999,"minDias":151,"porcAbonoMinimo":0.1428},{"maxDias":120,"minDias":91,"porcAbonoMinimo":0.1428},{"maxDias":90,"minDias":61,"porcAbonoMinimo":0.119},{"maxDias":15,"minDias":11,"porcAbonoMinimo":0.0714},{"maxDias":30,"minDias":16,"porcAbonoMinimo":0.0952},{"maxDias":150,"minDias":121,"porcAbonoMinimo":0.1428},{"maxDias":10,"minDias":1,"porcAbonoMinimo":0}] @ :2449
[   66776ms] [ERROR] Error: ReferenceError: validacionPoliticaCancelacion is not defined @ :4656
[   66778ms] [LOG] synchronizeData: No pending changes to synchronize @ https://simuladorcobranzasbdbpru.lappiz.io/main.aaf20cd1339efdfd.js:684
[   66779ms] [LOG] synchronizeData: No pending changes to synchronize @ https://simuladorcobranzasbdbpru.lappiz.io/main.aaf20cd1339efdfd.js:684
[   66810ms] [LOG] [e321eed7-845b-46e4-89f8-0bdf0c53e0e4, #9ccfa8bd-4060-4aa1-b437-4528d6f9bc35, #6e51a18a-184d-455f-9f42-6b3a3d56729f, GASTOS_CALL, 0119, HIPOTECARIO, pagomora] @ :2848
[   66832ms] [LOG] [bda37ca7-d503-4d41-8ff4-aebde2cb7c30, #8e8d6cf2-299c-4b45-8059-64cf50b2bd11, #dfe46e30-5328-485e-bc80-bec20aab2d02, GASTOS_CALL, 0119, HIPOTECARIO, cancelacion] @ :2848
[   66872ms] [LOG] synchronizeData: No pending changes to synchronize @ https://simuladorcobranzasbdbpru.lappiz.io/main.aaf20cd1339efdfd.js:684
[   66874ms] [LOG] initGastoNov -> TipoCobro: "GASTOS_CALL" | objetivo: GASTO @ :2238
[   66888ms] [LOG] initGastoNov -> seleccionado: Gastos por cobranza @ :2259
[   68085ms] [LOG] {PorcCancelacionIntMora: 100, PorcCancelacionIntCte: 100, PorcentajeCT: 0} @ :3490
[   68135ms] [LOG] Tasas de ampliación obtenidas de la base de datos: {PorcAmpliacionIntCte: 35, PorcAmpliacionIntMora: 100} @ :787
[   68136ms] [LOG] [020563ab-b407-433b-bcf3-c534456818f3, #8e1dc11f-e65c-4141-a1d5-42850fd9b214, #93f08e21-47c5-48ee-8acc-b093afe84a38, GASTOS_CALL, 0119, HIPOTECARIO, ampliacion] @ :2848
[   68137ms] [LOG] Abono mínimo sin descuento: 84734 @ :2280
[   68137ms] [LOG] Abono con descuento máximo: 75852 @ :2292
[   68147ms] [LOG] Abono mínimo sin descuento: 84734 @ :2280
[   68147ms] [LOG] Abono con descuento máximo: 75852 @ :2292
[   68152ms] [LOG] Abono mínimo sin descuento: 84734 @ :2280
[   68152ms] [LOG] Abono con descuento máximo: 75852 @ :2292
[   68160ms] [LOG] Abono mínimo sin descuento: 84734 @ :2280
[   68161ms] [LOG] Abono con descuento máximo: 75852 @ :2292
[   68166ms] [LOG] Abono mínimo sin descuento: 84734 @ :2280
[   68166ms] [LOG] Abono con descuento máximo: 75852 @ :2292
[   68172ms] [LOG] Abono mínimo sin descuento: 84734 @ :2280
[   68172ms] [LOG] Abono con descuento máximo: 75852 @ :2292
[   68181ms] [LOG] Abono mínimo sin descuento: 84734 @ :2280
[   68181ms] [LOG] Abono con descuento máximo: 75852 @ :2292
[   68186ms] [LOG] Abono mínimo sin descuento: 84734 @ :2280
[   68186ms] [LOG] Abono con descuento máximo: 75852 @ :2292
[   68189ms] [LOG] Abono mínimo sin descuento: 84734 @ :2280
[   68189ms] [LOG] Abono con descuento máximo: 75852 @ :2292
[   68194ms] [LOG] Abono mínimo sin descuento: 84734 @ :2280
[   68194ms] [LOG] Abono con descuento máximo: 75852 @ :2292
[   68198ms] [LOG] Abono mínimo sin descuento: 84734 @ :2280
[   68199ms] [LOG] Abono con descuento máximo: 75852 @ :2292
[   68291ms] [ERROR] ERROR Error: Uncaught (in promise): ReferenceError: PagoMinObl is not defined
ReferenceError: PagoMinObl is not defined
    at eval (eval at myService.evalEvent (https://simuladorcobranzasbdbpru.lappiz.io/main.aaf20cd1339efdfd.js:685:2704682), <anonymous>:4650:43)
    at _.invoke (https://simuladorcobranzasbdbpru.lappiz.io/polyfills.d8ab91b0f38b471a.js:1:7624)
    at Object.onInvoke (https://simuladorcobranzasbdbpru.lappiz.io/main.aaf20cd1339efdfd.js:685:5433667)
    at _.invoke (https://simuladorcobranzasbdbpru.lappiz.io/polyfills.d8ab91b0f38b471a.js:1:7563)
    at _.run (https://simuladorcobranzasbdbpru.lappiz.io/polyfills.d8ab91b0f38b471a.js:1:2685)
    at https://simuladorcobranzasbdbpru.lappiz.io/polyfills.d8ab91b0f38b471a.js:1:18582
    at _.invokeTask (https://simuladorcobranzasbdbpru.lappiz.io/polyfills.d8ab91b0f38b471a.js:1:8309)
    at Object.onInvokeTask (https://simuladorcobranzasbdbpru.lappiz.io/main.aaf20cd1339efdfd.js:685:5433465)
    at _.invokeTask (https://simuladorcobranzasbdbpru.lappiz.io/polyfills.d8ab91b0f38b471a.js:1:8230)
    at _.runTask (https://simuladorcobranzasbdbpru.lappiz.io/polyfills.d8ab91b0f38b471a.js:1:3354)
    at eval (eval at myService.evalEvent (https://simuladorcobranzasbdbpru.lappiz.io/main.aaf20cd1339efdfd.js:685:2704682), <anonymous>:4650:43)
    at _.invoke (https://simuladorcobranzasbdbpru.lappiz.io/polyfills.d8ab91b0f38b471a.js:1:7624)
    at Object.onInvoke (https://simuladorcobranzasbdbpru.lappiz.io/main.aaf20cd1339efdfd.js:685:5433667)
    at _.invoke (https://simuladorcobranzasbdbpru.lappiz.io/polyfills.d8ab91b0f38b471a.js:1:7563)
    at _.run (https://simuladorcobranzasbdbpru.lappiz.io/polyfills.d8ab91b0f38b471a.js:1:2685)
    at https://simuladorcobranzasbdbpru.lappiz.io/polyfills.d8ab91b0f38b471a.js:1:18582
    at _.invokeTask (https://simuladorcobranzasbdbpru.lappiz.io/polyfills.d8ab91b0f38b471a.js:1:8309)
    at Object.onInvokeTask (https://simuladorcobranzasbdbpru.lappiz.io/main.aaf20cd1339efdfd.js:685:5433465)
    at _.invokeTask (https://simuladorcobranzasbdbpru.lappiz.io/polyfills.d8ab91b0f38b471a.js:1:8230)
    at _.runTask (https://simuladorcobranzasbdbpru.lappiz.io/polyfills.d8ab91b0f38b471a.js:1:3354)
    at te (https://simuladorcobranzasbdbpru.lappiz.io/polyfills.d8ab91b0f38b471a.js:1:17787)
    at https://simuladorcobranzasbdbpru.lappiz.io/polyfills.d8ab91b0f38b471a.js:1:18640
    at _.invokeTask (https://simuladorcobranzasbdbpru.lappiz.io/polyfills.d8ab91b0f38b471a.js:1:8309)
    at Object.onInvokeTask (https://simuladorcobranzasbdbpru.lappiz.io/main.aaf20cd1339efdfd.js:685:5433465)
    at _.invokeTask (https://simuladorcobranzasbdbpru.lappiz.io/polyfills.d8ab91b0f38b471a.js:1:8230)
    at _.runTask (https://simuladorcobranzasbdbpru.lappiz.io/polyfills.d8ab91b0f38b471a.js:1:3354)
    at U (https://simuladorcobranzasbdbpru.lappiz.io/polyfills.d8ab91b0f38b471a.js:1:10711)
    at _.invokeTask [as invoke] (https://simuladorcobranzasbdbpru.lappiz.io/polyfills.d8ab91b0f38b471a.js:1:9479)
    at O (https://simuladorcobranzasbdbpru.lappiz.io/polyfills.d8ab91b0f38b471a.js:1:23116)
    at A (https://simuladorcobranzasbdbpru.lappiz.io/polyfills.d8ab91b0f38b471a.js:1:23489) @ https://simuladorcobranzasbdbpru.lappiz.io/main.aaf20cd1339efdfd.js:684
[  110669ms] [ERROR] ERROR ReferenceError: abono is not defined
    at HTMLButtonElement.eval (eval at myService.evalEvent (https://simuladorcobranzasbdbpru.lappiz.io/main.aaf20cd1339efdfd.js:685:2704682), <anonymous>:4817:9)
    at HTMLButtonElement.dispatch (https://simuladorcobranzasbdbpru.lappiz.io/scripts.a671500478c5251e.js:1:46961)
    at HTMLButtonElement.<anonymous> (https://simuladorcobranzasbdbpru.lappiz.io/scripts.a671500478c5251e.js:1:44743)
    at _.invokeTask (https://simuladorcobranzasbdbpru.lappiz.io/polyfills.d8ab91b0f38b471a.js:1:8309)
    at Object.onInvokeTask (https://simuladorcobranzasbdbpru.lappiz.io/main.aaf20cd1339efdfd.js:685:5433465)
    at _.invokeTask (https://simuladorcobranzasbdbpru.lappiz.io/polyfills.d8ab91b0f38b471a.js:1:8230)
    at _.runTask (https://simuladorcobranzasbdbpru.lappiz.io/polyfills.d8ab91b0f38b471a.js:1:3354)
    at _.invokeTask [as invoke] (https://simuladorcobranzasbdbpru.lappiz.io/polyfills.d8ab91b0f38b471a.js:1:9449)
    at O (https://simuladorcobranzasbdbpru.lappiz.io/polyfills.d8ab91b0f38b471a.js:1:23116)
    at A (https://simuladorcobranzasbdbpru.lappiz.io/polyfills.d8ab91b0f38b471a.js:1:23391) @ https://simuladorcobranzasbdbpru.lappiz.io/main.aaf20cd1339efdfd.js:684
[  206969ms] [ERROR] Error: ReferenceError: validacionPoliticaCancelacion is not defined @ :4656
[  206969ms] [ERROR] Error: TypeError: Cannot set properties of null (setting 'selectedIndex') @ :4656
[  206988ms] [ERROR] Error: TypeError: Cannot read properties of undefined (reading 'textContent') @ :4656
[  206990ms] [ERROR] Error: TypeError: Cannot read properties of undefined (reading 'textContent') @ :4656
[  207003ms] [ERROR] Error: TypeError: Cannot read properties of null (reading 'value') @ :4658
[  207192ms] [ERROR] Mecanismo no reconocido @ :4047
[  207199ms] [WARNING] No se encontró un rango de cobranza para 0 días de mora @ :4495
[  207214ms] [LOG] Abono mínimo sin descuento: 0 @ :2280
[  207215ms] [LOG] Abono con descuento máximo: 20000 @ :2292
[  207216ms] [LOG] Abono mínimo sin descuento: 0 @ :2280
[  207216ms] [LOG] Abono con descuento máximo: 20000 @ :2292
[  207218ms] [LOG] Abono mínimo sin descuento: 0 @ :2280
[  207218ms] [LOG] Abono con descuento máximo: 20000 @ :2292
[  207230ms] [LOG] Abono mínimo sin descuento: 0 @ :2280
[  207231ms] [LOG] Abono con descuento máximo: 20000 @ :2292
[  207232ms] [LOG] Abono mínimo sin descuento: 0 @ :2280
[  207232ms] [LOG] Abono con descuento máximo: 20000 @ :2292
[  207234ms] [LOG] Abono mínimo sin descuento: 0 @ :2280
[  207235ms] [LOG] Abono con descuento máximo: 20000 @ :2292
[  207240ms] [LOG] Abono mínimo sin descuento: 0 @ :2280
[  207240ms] [LOG] Abono con descuento máximo: 20000 @ :2292
[  207242ms] [LOG] Abono mínimo sin descuento: 0 @ :2280
[  207242ms] [LOG] Abono con descuento máximo: 20000 @ :2292
[  207253ms] [LOG] Abono mínimo sin descuento: 0 @ :2280
[  207254ms] [LOG] Abono con descuento máximo: 20000 @ :2292
[  207256ms] [LOG] Abono mínimo sin descuento: 0 @ :2280
[  207257ms] [LOG] Abono con descuento máximo: 20000 @ :2292
[  207286ms] [LOG] Abono mínimo sin descuento: 0 @ :2280
[  207286ms] [LOG] Abono con descuento máximo: 20000 @ :2292
[  207311ms] [ERROR] Mecanismo no reconocido @ :4047
[  207324ms] [WARNING] No se encontró un rango de cobranza para 0 días de mora @ :4495
[  207637ms] [ERROR] Mecanismo no reconocido @ :4047
[  207648ms] [WARNING] No se encontró un rango de cobranza para 0 días de mora @ :4495
[  207798ms] [ERROR] Error: TypeError: Cannot read properties of undefined (reading 'textContent') @ :4656
[  207806ms] [LOG] synchronizeData: No pending changes to synchronize @ https://simuladorcobranzasbdbpru.lappiz.io/main.aaf20cd1339efdfd.js:684
[  207807ms] [LOG] synchronizeData: No pending changes to synchronize @ https://simuladorcobranzasbdbpru.lappiz.io/main.aaf20cd1339efdfd.js:684
[  207808ms] [LOG] synchronizeData: No pending changes to synchronize @ https://simuladorcobranzasbdbpru.lappiz.io/main.aaf20cd1339efdfd.js:684
[  207809ms] [LOG] synchronizeData: No pending changes to synchronize @ https://simuladorcobranzasbdbpru.lappiz.io/main.aaf20cd1339efdfd.js:684
[  207811ms] [LOG] synchronizeData: No pending changes to synchronize @ https://simuladorcobranzasbdbpru.lappiz.io/main.aaf20cd1339efdfd.js:684
[  207812ms] [LOG] synchronizeData: No pending changes to synchronize @ https://simuladorcobranzasbdbpru.lappiz.io/main.aaf20cd1339efdfd.js:684
[  207812ms] [LOG] synchronizeData: No pending changes to synchronize @ https://simuladorcobranzasbdbpru.lappiz.io/main.aaf20cd1339efdfd.js:684
[  207813ms] [LOG] synchronizeData: No pending changes to synchronize @ https://simuladorcobranzasbdbpru.lappiz.io/main.aaf20cd1339efdfd.js:684
[  207814ms] [LOG] synchronizeData: No pending changes to synchronize @ https://simuladorcobranzasbdbpru.lappiz.io/main.aaf20cd1339efdfd.js:684
[  207816ms] [LOG] synchronizeData: No pending changes to synchronize @ https://simuladorcobranzasbdbpru.lappiz.io/main.aaf20cd1339efdfd.js:684
[  207817ms] [LOG] synchronizeData: No pending changes to synchronize @ https://simuladorcobranzasbdbpru.lappiz.io/main.aaf20cd1339efdfd.js:684
[  207818ms] [LOG] synchronizeData: No pending changes to synchronize @ https://simuladorcobranzasbdbpru.lappiz.io/main.aaf20cd1339efdfd.js:684
[  207819ms] [LOG] synchronizeData: No pending changes to synchronize @ https://simuladorcobranzasbdbpru.lappiz.io/main.aaf20cd1339efdfd.js:684
[  207820ms] [LOG] synchronizeData: No pending changes to synchronize @ https://simuladorcobranzasbdbpru.lappiz.io/main.aaf20cd1339efdfd.js:684
[  207821ms] [LOG] synchronizeData: No pending changes to synchronize @ https://simuladorcobranzasbdbpru.lappiz.io/main.aaf20cd1339efdfd.js:684
[  207823ms] [LOG] synchronizeData: No pending changes to synchronize @ https://simuladorcobranzasbdbpru.lappiz.io/main.aaf20cd1339efdfd.js:684
[  207824ms] [LOG] synchronizeData: No pending changes to synchronize @ https://simuladorcobranzasbdbpru.lappiz.io/main.aaf20cd1339efdfd.js:684
[  207825ms] [LOG] synchronizeData: No pending changes to synchronize @ https://simuladorcobranzasbdbpru.lappiz.io/main.aaf20cd1339efdfd.js:684
[  207826ms] [LOG] synchronizeData: No pending changes to synchronize @ https://simuladorcobranzasbdbpru.lappiz.io/main.aaf20cd1339efdfd.js:684
[  207828ms] [LOG] synchronizeData: No pending changes to synchronize @ https://simuladorcobranzasbdbpru.lappiz.io/main.aaf20cd1339efdfd.js:684
[  207830ms] [LOG] synchronizeData: No pending changes to synchronize @ https://simuladorcobranzasbdbpru.lappiz.io/main.aaf20cd1339efdfd.js:684
[  207831ms] [LOG] synchronizeData: No pending changes to synchronize @ https://simuladorcobranzasbdbpru.lappiz.io/main.aaf20cd1339efdfd.js:684
[  207833ms] [LOG] synchronizeData: No pending changes to synchronize @ https://simuladorcobranzasbdbpru.lappiz.io/main.aaf20cd1339efdfd.js:684
[  207862ms] [LOG] La fecha no cumple la condición @ :3244
[  207865ms] [LOG] La fecha no cumple la condición @ :3244
[  207867ms] [LOG] La fecha no cumple la condición @ :3244
[  207871ms] [LOG] La fecha no cumple la condición @ :3244
[  208426ms] [ERROR] ERROR TypeError: Cannot read properties of null (reading 'style')
    at eval (eval at myService.evalEvent (https://simuladorcobranzasbdbpru.lappiz.io/main.aaf20cd1339efdfd.js:685:2704682), <anonymous>:4671:127)
    at P.<computed> (https://simuladorcobranzasbdbpru.lappiz.io/polyfills.d8ab91b0f38b471a.js:1:41246)
    at _.invokeTask (https://simuladorcobranzasbdbpru.lappiz.io/polyfills.d8ab91b0f38b471a.js:1:8309)
    at Object.onInvokeTask (https://simuladorcobranzasbdbpru.lappiz.io/main.aaf20cd1339efdfd.js:685:5433465)
    at _.invokeTask (https://simuladorcobranzasbdbpru.lappiz.io/polyfills.d8ab91b0f38b471a.js:1:8230)
    at _.runTask (https://simuladorcobranzasbdbpru.lappiz.io/polyfills.d8ab91b0f38b471a.js:1:3354)
    at _.invokeTask (https://simuladorcobranzasbdbpru.lappiz.io/polyfills.d8ab91b0f38b471a.js:1:9449)
    at invoke (https://simuladorcobranzasbdbpru.lappiz.io/polyfills.d8ab91b0f38b471a.js:1:9339)
    at E.T.args.<computed> (https://simuladorcobranzasbdbpru.lappiz.io/polyfills.d8ab91b0f38b471a.js:1:40944) @ https://simuladorcobranzasbdbpru.lappiz.io/main.aaf20cd1339efdfd.js:684
[  208475ms] [LOG] [Object] @ :4661
[  208571ms] [WARNING] No se encontró un rango de cobranza para 0 días de mora @ :4495
[  208575ms] [LOG] Abono mínimo sin descuento: 0 @ :2280
[  208576ms] [LOG] Abono con descuento máximo: 20000 @ :2292
[  208580ms] [LOG] Abono mínimo sin descuento: 0 @ :2280
[  208580ms] [LOG] Abono con descuento máximo: 20000 @ :2292
[  208585ms] [LOG] Abono mínimo sin descuento: 0 @ :2280
[  208585ms] [LOG] Abono con descuento máximo: 20000 @ :2292
[  208593ms] [LOG] Abono mínimo sin descuento: 0 @ :2280
[  208593ms] [LOG] Abono con descuento máximo: 20000 @ :2292
[  208596ms] [LOG] Abono mínimo sin descuento: 0 @ :2280
[  208596ms] [LOG] Abono con descuento máximo: 20000 @ :2292
[  208600ms] [LOG] Abono mínimo sin descuento: 0 @ :2280
[  208600ms] [LOG] Abono con descuento máximo: 20000 @ :2292
[  208606ms] [LOG] Abono mínimo sin descuento: 0 @ :2280
[  208606ms] [LOG] Abono con descuento máximo: 20000 @ :2292
[  208610ms] [LOG] Abono mínimo sin descuento: 0 @ :2280
[  208610ms] [LOG] Abono con descuento máximo: 20000 @ :2292
[  208622ms] [LOG] Abono mínimo sin descuento: 0 @ :2280
[  208622ms] [LOG] Abono con descuento máximo: 20000 @ :2292
[  208629ms] [LOG] Abono mínimo sin descuento: 0 @ :2280
[  208630ms] [LOG] Abono con descuento máximo: 20000 @ :2292
[  208647ms] [LOG] undefined @ :4466
[  208647ms] [ERROR] Error al mostrar los campos: TypeError: Cannot read properties of undefined (reading 'ValorHonorarios')
    at calculoHonorarios (eval at myService.evalEvent (https://simuladorcobranzasbdbpru.lappiz.io/main.aaf20cd1339efdfd.js:685:2704682), <anonymous>:4468:57) @ :4470
[  208660ms] [LOG] Abono mínimo sin descuento: 0 @ :2280
[  208660ms] [LOG] Abono con descuento máximo: 20000 @ :2292
[  208688ms] [WARNING] No se encontró un rango de cobranza para 0 días de mora @ :4495
[  208699ms] [LOG] undefined @ :4466
[  208699ms] [ERROR] Error al mostrar los campos: TypeError: Cannot read properties of undefined (reading 'ValorHonorarios')
    at calculoHonorarios (eval at myService.evalEvent (https://simuladorcobranzasbdbpru.lappiz.io/main.aaf20cd1339efdfd.js:685:2704682), <anonymous>:4468:57) @ :4470
[  208812ms] [ERROR] Failed to load resource: the server responded with a status of 500 () @ https://txtest.lappiz.io/SimiladorDNC_Lappiz.api/api/lappiz/get/SimiladorDNC_Lappiz_PoblamientoDatos:0
[  208820ms] [ERROR] ERROR Error: Uncaught (in promise): ()=>ue
    at te (https://simuladorcobranzasbdbpru.lappiz.io/polyfills.d8ab91b0f38b471a.js:1:17787)
    at https://simuladorcobranzasbdbpru.lappiz.io/polyfills.d8ab91b0f38b471a.js:1:16863
    at https://simuladorcobranzasbdbpru.lappiz.io/polyfills.d8ab91b0f38b471a.js:1:16969
    at l (https://simuladorcobranzasbdbpru.lappiz.io/main.aaf20cd1339efdfd.js:685:5598899)
    at p (https://simuladorcobranzasbdbpru.lappiz.io/main.aaf20cd1339efdfd.js:685:5599102)
    at _.invoke (https://simuladorcobranzasbdbpru.lappiz.io/polyfills.d8ab91b0f38b471a.js:1:7624)
    at Object.onInvoke (https://simuladorcobranzasbdbpru.lappiz.io/main.aaf20cd1339efdfd.js:685:5433667)
    at _.invoke (https://simuladorcobranzasbdbpru.lappiz.io/polyfills.d8ab91b0f38b471a.js:1:7563)
    at _.run (https://simuladorcobranzasbdbpru.lappiz.io/polyfills.d8ab91b0f38b471a.js:1:2685)
    at https://simuladorcobranzasbdbpru.lappiz.io/polyfills.d8ab91b0f38b471a.js:1:18582 @ https://simuladorcobranzasbdbpru.lappiz.io/main.aaf20cd1339efdfd.js:684
[  208933ms] [LOG] undefined @ :4466
[  208934ms] [ERROR] Error al mostrar los campos: TypeError: Cannot read properties of undefined (reading 'ValorHonorarios')
    at calculoHonorarios (eval at myService.evalEvent (https://simuladorcobranzasbdbpru.lappiz.io/main.aaf20cd1339efdfd.js:685:2704682), <anonymous>:4468:57) @ :4470
[  208938ms] [WARNING] No se encontró un rango de cobranza para 0 días de mora @ :4495
[  209179ms] [ERROR] ERROR TypeError: Cannot read properties of undefined (reading 'bind')
    at eval (eval at myService.evalEvent (https://simuladorcobranzasbdbpru.lappiz.io/main.aaf20cd1339efdfd.js:685:2704682), <anonymous>:4737:22)
    at P.<computed> (https://simuladorcobranzasbdbpru.lappiz.io/polyfills.d8ab91b0f38b471a.js:1:41246)
    at _.invokeTask (https://simuladorcobranzasbdbpru.lappiz.io/polyfills.d8ab91b0f38b471a.js:1:8309)
    at Object.onInvokeTask (https://simuladorcobranzasbdbpru.lappiz.io/main.aaf20cd1339efdfd.js:685:5433465)
    at _.invokeTask (https://simuladorcobranzasbdbpru.lappiz.io/polyfills.d8ab91b0f38b471a.js:1:8230)
    at _.runTask (https://simuladorcobranzasbdbpru.lappiz.io/polyfills.d8ab91b0f38b471a.js:1:3354)
    at _.invokeTask (https://simuladorcobranzasbdbpru.lappiz.io/polyfills.d8ab91b0f38b471a.js:1:9449)
    at invoke (https://simuladorcobranzasbdbpru.lappiz.io/polyfills.d8ab91b0f38b471a.js:1:9339)
    at E.T.args.<computed> (https://simuladorcobranzasbdbpru.lappiz.io/polyfills.d8ab91b0f38b471a.js:1:40944) @ https://simuladorcobranzasbdbpru.lappiz.io/main.aaf20cd1339efdfd.js:684
[  210050ms] SyntaxError: Failed to execute 'appendChild' on 'Node': Unexpected token '<'
    at l (https://simuladorcobranzasbdbpru.lappiz.io/scripts.a671500478c5251e.js:1:892)
    at e.globalEval (https://simuladorcobranzasbdbpru.lappiz.io/scripts.a671500478c5251e.js:1:3074)
    at Object.dataFilter (https://simuladorcobranzasbdbpru.lappiz.io/scripts.a671500478c5251e.js:1:87497)
    at https://simuladorcobranzasbdbpru.lappiz.io/scripts.a671500478c5251e.js:1:85798
    at Un (https://simuladorcobranzasbdbpru.lappiz.io/scripts.a671500478c5251e.js:1:86251)
    at XMLHttpRequest.<anonymous> (https://simuladorcobranzasbdbpru.lappiz.io/scripts.a671500478c5251e.js:1:89227)
    at XMLHttpRequest.lt (https://simuladorcobranzasbdbpru.lappiz.io/polyfills.d8ab91b0f38b471a.js:1:13288)
    at _.invokeTask (https://simuladorcobranzasbdbpru.lappiz.io/polyfills.d8ab91b0f38b471a.js:1:8309)
    at Object.onInvokeTask (https://simuladorcobranzasbdbpru.lappiz.io/main.aaf20cd1339efdfd.js:685:5433465)
    at _.invokeTask (https://simuladorcobranzasbdbpru.lappiz.io/polyfills.d8ab91b0f38b471a.js:1:8230)
[  244723ms] [LOG] console.log(backandGlobal.environment); TEST @ :2373
[  244729ms] [LOG] ITAU: no se encontraron obligaciones @ :2061
[  281863ms] [ERROR] Error: ReferenceError: validacionPoliticaCancelacion is not defined @ :4656
[  281864ms] [LOG] synchronizeData: No pending changes to synchronize @ https://simuladorcobranzasbdbpru.lappiz.io/main.aaf20cd1339efdfd.js:684
[  281866ms] [LOG] synchronizeData: No pending changes to synchronize @ https://simuladorcobranzasbdbpru.lappiz.io/main.aaf20cd1339efdfd.js:684
[  281880ms] [LOG] [e321eed7-845b-46e4-89f8-0bdf0c53e0e4, #9ccfa8bd-4060-4aa1-b437-4528d6f9bc35, #6e51a18a-184d-455f-9f42-6b3a3d56729f, GASTOS_CALL, 0119, HIPOTECARIO, pagomora] @ :2848
[  281912ms] [LOG] [bda37ca7-d503-4d41-8ff4-aebde2cb7c30, #8e8d6cf2-299c-4b45-8059-64cf50b2bd11, #dfe46e30-5328-485e-bc80-bec20aab2d02, GASTOS_CALL, 0119, HIPOTECARIO, cancelacion] @ :2848
[  281951ms] [LOG] synchronizeData: No pending changes to synchronize @ https://simuladorcobranzasbdbpru.lappiz.io/main.aaf20cd1339efdfd.js:684
[  281953ms] [LOG] initGastoNov -> TipoCobro: "GASTOS_CALL" | objetivo: GASTO @ :2238
[  281967ms] [LOG] initGastoNov -> seleccionado: Gastos por cobranza @ :2259
[  282974ms] [LOG] Tasas de ampliación obtenidas de la base de datos: {PorcAmpliacionIntCte: 35, PorcAmpliacionIntMora: 100} @ :787
[  282974ms] [LOG] [020563ab-b407-433b-bcf3-c534456818f3, #8e1dc11f-e65c-4141-a1d5-42850fd9b214, #93f08e21-47c5-48ee-8acc-b093afe84a38, GASTOS_CALL, 0119, HIPOTECARIO, ampliacion] @ :2848
[  282976ms] [LOG] Abono mínimo sin descuento: 84734 @ :2280
[  282976ms] [LOG] Abono con descuento máximo: 75852 @ :2292
[  282981ms] [LOG] Abono mínimo sin descuento: 84734 @ :2280
[  282981ms] [LOG] Abono con descuento máximo: 75852 @ :2292
[  282984ms] [LOG] Abono mínimo sin descuento: 84734 @ :2280
[  282984ms] [LOG] Abono con descuento máximo: 75852 @ :2292
[  282992ms] [LOG] Abono mínimo sin descuento: 84734 @ :2280
[  282992ms] [LOG] Abono con descuento máximo: 75852 @ :2292
[  282996ms] [LOG] Abono mínimo sin descuento: 84734 @ :2280
[  282996ms] [LOG] Abono con descuento máximo: 75852 @ :2292
[  282999ms] [LOG] Abono mínimo sin descuento: 84734 @ :2280
[  283000ms] [LOG] Abono con descuento máximo: 75852 @ :2292
[  283005ms] [LOG] Abono mínimo sin descuento: 84734 @ :2280
[  283005ms] [LOG] Abono con descuento máximo: 75852 @ :2292
[  283011ms] [LOG] Abono mínimo sin descuento: 84734 @ :2280
[  283011ms] [LOG] Abono con descuento máximo: 75852 @ :2292
[  283014ms] [LOG] Abono mínimo sin descuento: 84734 @ :2280
[  283014ms] [LOG] Abono con descuento máximo: 75852 @ :2292
[  283018ms] [LOG] Abono mínimo sin descuento: 84734 @ :2280
[  283019ms] [LOG] Abono con descuento máximo: 75852 @ :2292
[  283023ms] [LOG] Abono mínimo sin descuento: 84734 @ :2280
[  283023ms] [LOG] Abono con descuento máximo: 75852 @ :2292
[  283072ms] [LOG] {PorcCancelacionIntMora: 100, PorcCancelacionIntCte: 100, PorcentajeCT: 0} @ :3490
[  283266ms] [ERROR] ERROR Error: Uncaught (in promise): ReferenceError: PagoMinObl is not defined
ReferenceError: PagoMinObl is not defined
    at eval (eval at myService.evalEvent (https://simuladorcobranzasbdbpru.lappiz.io/main.aaf20cd1339efdfd.js:685:2704682), <anonymous>:4650:43)
    at _.invoke (https://simuladorcobranzasbdbpru.lappiz.io/polyfills.d8ab91b0f38b471a.js:1:7624)
    at Object.onInvoke (https://simuladorcobranzasbdbpru.lappiz.io/main.aaf20cd1339efdfd.js:685:5433667)
    at _.invoke (https://simuladorcobranzasbdbpru.lappiz.io/polyfills.d8ab91b0f38b471a.js:1:7563)
    at _.run (https://simuladorcobranzasbdbpru.lappiz.io/polyfills.d8ab91b0f38b471a.js:1:2685)
    at https://simuladorcobranzasbdbpru.lappiz.io/polyfills.d8ab91b0f38b471a.js:1:18582
    at _.invokeTask (https://simuladorcobranzasbdbpru.lappiz.io/polyfills.d8ab91b0f38b471a.js:1:8309)
    at Object.onInvokeTask (https://simuladorcobranzasbdbpru.lappiz.io/main.aaf20cd1339efdfd.js:685:5433465)
    at _.invokeTask (https://simuladorcobranzasbdbpru.lappiz.io/polyfills.d8ab91b0f38b471a.js:1:8230)
    at _.runTask (https://simuladorcobranzasbdbpru.lappiz.io/polyfills.d8ab91b0f38b471a.js:1:3354)
    at eval (eval at myService.evalEvent (https://simuladorcobranzasbdbpru.lappiz.io/main.aaf20cd1339efdfd.js:685:2704682), <anonymous>:4650:43)
    at _.invoke (https://simuladorcobranzasbdbpru.lappiz.io/polyfills.d8ab91b0f38b471a.js:1:7624)
    at Object.onInvoke (https://simuladorcobranzasbdbpru.lappiz.io/main.aaf20cd1339efdfd.js:685:5433667)
    at _.invoke (https://simuladorcobranzasbdbpru.lappiz.io/polyfills.d8ab91b0f38b471a.js:1:7563)
    at _.run (https://simuladorcobranzasbdbpru.lappiz.io/polyfills.d8ab91b0f38b471a.js:1:2685)
    at https://simuladorcobranzasbdbpru.lappiz.io/polyfills.d8ab91b0f38b471a.js:1:18582
    at _.invokeTask (https://simuladorcobranzasbdbpru.lappiz.io/polyfills.d8ab91b0f38b471a.js:1:8309)
    at Object.onInvokeTask (https://simuladorcobranzasbdbpru.lappiz.io/main.aaf20cd1339efdfd.js:685:5433465)
    at _.invokeTask (https://simuladorcobranzasbdbpru.lappiz.io/polyfills.d8ab91b0f38b471a.js:1:8230)
    at _.runTask (https://simuladorcobranzasbdbpru.lappiz.io/polyfills.d8ab91b0f38b471a.js:1:3354)
    at te (https://simuladorcobranzasbdbpru.lappiz.io/polyfills.d8ab91b0f38b471a.js:1:17787)
    at https://simuladorcobranzasbdbpru.lappiz.io/polyfills.d8ab91b0f38b471a.js:1:18640
    at _.invokeTask (https://simuladorcobranzasbdbpru.lappiz.io/polyfills.d8ab91b0f38b471a.js:1:8309)
    at Object.onInvokeTask (https://simuladorcobranzasbdbpru.lappiz.io/main.aaf20cd1339efdfd.js:685:5433465)
    at _.invokeTask (https://simuladorcobranzasbdbpru.lappiz.io/polyfills.d8ab91b0f38b471a.js:1:8230)
    at _.runTask (https://simuladorcobranzasbdbpru.lappiz.io/polyfills.d8ab91b0f38b471a.js:1:3354)
    at U (https://simuladorcobranzasbdbpru.lappiz.io/polyfills.d8ab91b0f38b471a.js:1:10711)
    at _.invokeTask [as invoke] (https://simuladorcobranzasbdbpru.lappiz.io/polyfills.d8ab91b0f38b471a.js:1:9479)
    at O (https://simuladorcobranzasbdbpru.lappiz.io/polyfills.d8ab91b0f38b471a.js:1:23116)
    at A (https://simuladorcobranzasbdbpru.lappiz.io/polyfills.d8ab91b0f38b471a.js:1:23489) @ https://simuladorcobranzasbdbpru.lappiz.io/main.aaf20cd1339efdfd.js:684
