[     184ms] [LOG] No hay sesión activa @ https://simuladorcobranzasbdbpru.lappiz.io/4.ea624e8d2330eccd.js:0
[    1023ms] [LOG] Se ha creado correctamente el registro del stateApp @ https://simuladorcobranzasbdbpru.lappiz.io/4.ea624e8d2330eccd.js:0
[    1023ms] [LOG] Se ha creado correctamente el registro del stateApp @ https://simuladorcobranzasbdbpru.lappiz.io/main.aaf20cd1339efdfd.js:684
[    1070ms] [WARNING] Conflicto eliminando userInfo, reintentando... @ https://simuladorcobranzasbdbpru.lappiz.io/main.aaf20cd1339efdfd.js:684
[    1083ms] [LOG] Se actualizo el documento userInfo con exito @ https://simuladorcobranzasbdbpru.lappiz.io/main.aaf20cd1339efdfd.js:684
[    1086ms] [LOG] Se actualizo el documento userInfo con exito @ https://simuladorcobranzasbdbpru.lappiz.io/main.aaf20cd1339efdfd.js:684
[    1627ms] [ERROR] Error: ReferenceError: validacionPoliticaCancelacion is not defined @ :4656
[    1638ms] [ERROR] Error: TypeError: Cannot set properties of null (setting 'selectedIndex') @ :4656
[    1677ms] [ERROR] Error: TypeError: Cannot read properties of undefined (reading 'textContent') @ :4656
[    1686ms] [ERROR] Error: TypeError: Cannot read properties of undefined (reading 'textContent') @ :4656
[    1700ms] [ERROR] Error: TypeError: Cannot read properties of null (reading 'value') @ :4658
[    2012ms] [ERROR] Error: TypeError: Cannot set properties of null (setting 'disabled') @ :4657
[    2029ms] [WARNING] No se encontró un rango de cobranza para 0 días de mora @ :4495
[    2066ms] [LOG] Abono mínimo sin descuento: 0 @ :2280
[    2066ms] [LOG] Abono con descuento máximo: 20000 @ :2292
[    2068ms] [LOG] Abono mínimo sin descuento: 0 @ :2280
[    2068ms] [LOG] Abono con descuento máximo: 20000 @ :2292
[    2070ms] [LOG] Abono mínimo sin descuento: 0 @ :2280
[    2070ms] [LOG] Abono con descuento máximo: 20000 @ :2292
[    2090ms] [LOG] Abono mínimo sin descuento: 0 @ :2280
[    2091ms] [LOG] Abono con descuento máximo: 20000 @ :2292
[    2094ms] [LOG] Abono mínimo sin descuento: 0 @ :2280
[    2094ms] [LOG] Abono con descuento máximo: 20000 @ :2292
[    2096ms] [LOG] Abono mínimo sin descuento: 0 @ :2280
[    2096ms] [LOG] Abono con descuento máximo: 20000 @ :2292
[    2113ms] [LOG] Abono mínimo sin descuento: 0 @ :2280
[    2114ms] [LOG] Abono con descuento máximo: 20000 @ :2292
[    2120ms] [LOG] Abono mínimo sin descuento: 0 @ :2280
[    2120ms] [LOG] Abono con descuento máximo: 20000 @ :2292
[    2144ms] [LOG] Abono mínimo sin descuento: 0 @ :2280
[    2145ms] [LOG] Abono con descuento máximo: 20000 @ :2292
[    2153ms] [LOG] Abono mínimo sin descuento: 0 @ :2280
[    2153ms] [LOG] Abono con descuento máximo: 20000 @ :2292
[    2207ms] [LOG] Abono mínimo sin descuento: 0 @ :2280
[    2208ms] [LOG] Abono con descuento máximo: 20000 @ :2292
[    2236ms] [ERROR] Error: TypeError: Cannot set properties of null (setting 'disabled') @ :4657
[    2265ms] [WARNING] No se encontró un rango de cobranza para 0 días de mora @ :4495
[    2909ms] [ERROR] Error: TypeError: Cannot set properties of null (setting 'disabled') @ :4657
[    2926ms] [WARNING] No se encontró un rango de cobranza para 0 días de mora @ :4495
[    3132ms] [ERROR] Error: TypeError: Cannot read properties of undefined (reading 'textContent') @ :4656
[    3147ms] [LOG] synchronizeData: No pending changes to synchronize @ https://simuladorcobranzasbdbpru.lappiz.io/main.aaf20cd1339efdfd.js:684
[    3148ms] [LOG] synchronizeData: No pending changes to synchronize @ https://simuladorcobranzasbdbpru.lappiz.io/main.aaf20cd1339efdfd.js:684
[    3149ms] [LOG] synchronizeData: No pending changes to synchronize @ https://simuladorcobranzasbdbpru.lappiz.io/main.aaf20cd1339efdfd.js:684
[    3151ms] [LOG] synchronizeData: No pending changes to synchronize @ https://simuladorcobranzasbdbpru.lappiz.io/main.aaf20cd1339efdfd.js:684
[    3153ms] [LOG] synchronizeData: No pending changes to synchronize @ https://simuladorcobranzasbdbpru.lappiz.io/main.aaf20cd1339efdfd.js:684
[    3156ms] [LOG] synchronizeData: No pending changes to synchronize @ https://simuladorcobranzasbdbpru.lappiz.io/main.aaf20cd1339efdfd.js:684
[    3159ms] [LOG] synchronizeData: No pending changes to synchronize @ https://simuladorcobranzasbdbpru.lappiz.io/main.aaf20cd1339efdfd.js:684
[    3161ms] [LOG] synchronizeData: No pending changes to synchronize @ https://simuladorcobranzasbdbpru.lappiz.io/main.aaf20cd1339efdfd.js:684
[    3163ms] [LOG] synchronizeData: No pending changes to synchronize @ https://simuladorcobranzasbdbpru.lappiz.io/main.aaf20cd1339efdfd.js:684
[    3165ms] [LOG] synchronizeData: No pending changes to synchronize @ https://simuladorcobranzasbdbpru.lappiz.io/main.aaf20cd1339efdfd.js:684
[    3166ms] [LOG] synchronizeData: No pending changes to synchronize @ https://simuladorcobranzasbdbpru.lappiz.io/main.aaf20cd1339efdfd.js:684
[    3168ms] [LOG] synchronizeData: No pending changes to synchronize @ https://simuladorcobranzasbdbpru.lappiz.io/main.aaf20cd1339efdfd.js:684
[    3171ms] [LOG] synchronizeData: No pending changes to synchronize @ https://simuladorcobranzasbdbpru.lappiz.io/main.aaf20cd1339efdfd.js:684
[    3175ms] [LOG] synchronizeData: No pending changes to synchronize @ https://simuladorcobranzasbdbpru.lappiz.io/main.aaf20cd1339efdfd.js:684
[    3176ms] [LOG] synchronizeData: No pending changes to synchronize @ https://simuladorcobranzasbdbpru.lappiz.io/main.aaf20cd1339efdfd.js:684
[    3178ms] [LOG] synchronizeData: No pending changes to synchronize @ https://simuladorcobranzasbdbpru.lappiz.io/main.aaf20cd1339efdfd.js:684
[    3180ms] [LOG] synchronizeData: No pending changes to synchronize @ https://simuladorcobranzasbdbpru.lappiz.io/main.aaf20cd1339efdfd.js:684
[    3182ms] [LOG] synchronizeData: No pending changes to synchronize @ https://simuladorcobranzasbdbpru.lappiz.io/main.aaf20cd1339efdfd.js:684
[    3186ms] [LOG] synchronizeData: No pending changes to synchronize @ https://simuladorcobranzasbdbpru.lappiz.io/main.aaf20cd1339efdfd.js:684
[    3189ms] [LOG] synchronizeData: No pending changes to synchronize @ https://simuladorcobranzasbdbpru.lappiz.io/main.aaf20cd1339efdfd.js:684
[    3191ms] [LOG] synchronizeData: No pending changes to synchronize @ https://simuladorcobranzasbdbpru.lappiz.io/main.aaf20cd1339efdfd.js:684
[    3193ms] [LOG] synchronizeData: No pending changes to synchronize @ https://simuladorcobranzasbdbpru.lappiz.io/main.aaf20cd1339efdfd.js:684
[    3195ms] [LOG] synchronizeData: No pending changes to synchronize @ https://simuladorcobranzasbdbpru.lappiz.io/main.aaf20cd1339efdfd.js:684
[    3263ms] [LOG] La fecha no cumple la condición @ :3244
[    3266ms] [LOG] La fecha no cumple la condición @ :3244
[    3271ms] [LOG] La fecha no cumple la condición @ :3244
[    3275ms] [LOG] La fecha no cumple la condición @ :3244
[    3508ms] [ERROR] ERROR TypeError: Cannot read properties of null (reading 'style')
    at eval (eval at myService.evalEvent (https://simuladorcobranzasbdbpru.lappiz.io/main.aaf20cd1339efdfd.js:685:2704682), <anonymous>:4671:127)
    at P.<computed> (https://simuladorcobranzasbdbpru.lappiz.io/polyfills.d8ab91b0f38b471a.js:1:41246)
    at _.invokeTask (https://simuladorcobranzasbdbpru.lappiz.io/polyfills.d8ab91b0f38b471a.js:1:8309)
    at Object.onInvokeTask (https://simuladorcobranzasbdbpru.lappiz.io/main.aaf20cd1339efdfd.js:685:5433465)
    at _.invokeTask (https://simuladorcobranzasbdbpru.lappiz.io/polyfills.d8ab91b0f38b471a.js:1:8230)
    at _.runTask (https://simuladorcobranzasbdbpru.lappiz.io/polyfills.d8ab91b0f38b471a.js:1:3354)
    at _.invokeTask (https://simuladorcobranzasbdbpru.lappiz.io/polyfills.d8ab91b0f38b471a.js:1:9449)
    at invoke (https://simuladorcobranzasbdbpru.lappiz.io/polyfills.d8ab91b0f38b471a.js:1:9339)
    at E.T.args.<computed> (https://simuladorcobranzasbdbpru.lappiz.io/polyfills.d8ab91b0f38b471a.js:1:40944) @ https://simuladorcobranzasbdbpru.lappiz.io/main.aaf20cd1339efdfd.js:684
[    3751ms] [WARNING] No se encontró un rango de cobranza para 0 días de mora @ :4495
[    3759ms] [LOG] Abono mínimo sin descuento: 0 @ :2280
[    3759ms] [LOG] Abono con descuento máximo: 20000 @ :2292
[    3763ms] [LOG] Abono mínimo sin descuento: 0 @ :2280
[    3763ms] [LOG] Abono con descuento máximo: 20000 @ :2292
[    3767ms] [LOG] Abono mínimo sin descuento: 0 @ :2280
[    3767ms] [LOG] Abono con descuento máximo: 20000 @ :2292
[    3775ms] [LOG] Abono mínimo sin descuento: 0 @ :2280
[    3775ms] [LOG] Abono con descuento máximo: 20000 @ :2292
[    3782ms] [LOG] Abono mínimo sin descuento: 0 @ :2280
[    3783ms] [LOG] Abono con descuento máximo: 20000 @ :2292
[    3791ms] [LOG] Abono mínimo sin descuento: 0 @ :2280
[    3791ms] [LOG] Abono con descuento máximo: 20000 @ :2292
[    3802ms] [LOG] Abono mínimo sin descuento: 0 @ :2280
[    3802ms] [LOG] Abono con descuento máximo: 20000 @ :2292
[    3809ms] [LOG] Abono mínimo sin descuento: 0 @ :2280
[    3809ms] [LOG] Abono con descuento máximo: 20000 @ :2292
[    3824ms] [LOG] Abono mínimo sin descuento: 0 @ :2280
[    3825ms] [LOG] Abono con descuento máximo: 20000 @ :2292
[    3830ms] [LOG] Abono mínimo sin descuento: 0 @ :2280
[    3830ms] [LOG] Abono con descuento máximo: 20000 @ :2292
[    3983ms] [LOG] Abono mínimo sin descuento: 0 @ :2280
[    3983ms] [LOG] Abono con descuento máximo: 20000 @ :2292
[    4239ms] [WARNING] No se encontró un rango de cobranza para 0 días de mora @ :4495
[    4426ms] [ERROR] ERROR TypeError: Cannot read properties of undefined (reading 'bind')
    at eval (eval at myService.evalEvent (https://simuladorcobranzasbdbpru.lappiz.io/main.aaf20cd1339efdfd.js:685:2704682), <anonymous>:4737:22)
    at P.<computed> (https://simuladorcobranzasbdbpru.lappiz.io/polyfills.d8ab91b0f38b471a.js:1:41246)
    at _.invokeTask (https://simuladorcobranzasbdbpru.lappiz.io/polyfills.d8ab91b0f38b471a.js:1:8309)
    at Object.onInvokeTask (https://simuladorcobranzasbdbpru.lappiz.io/main.aaf20cd1339efdfd.js:685:5433465)
    at _.invokeTask (https://simuladorcobranzasbdbpru.lappiz.io/polyfills.d8ab91b0f38b471a.js:1:8230)
    at _.runTask (https://simuladorcobranzasbdbpru.lappiz.io/polyfills.d8ab91b0f38b471a.js:1:3354)
    at _.invokeTask (https://simuladorcobranzasbdbpru.lappiz.io/polyfills.d8ab91b0f38b471a.js:1:9449)
    at invoke (https://simuladorcobranzasbdbpru.lappiz.io/polyfills.d8ab91b0f38b471a.js:1:9339)
    at E.T.args.<computed> (https://simuladorcobranzasbdbpru.lappiz.io/polyfills.d8ab91b0f38b471a.js:1:40944) @ https://simuladorcobranzasbdbpru.lappiz.io/main.aaf20cd1339efdfd.js:684
[    4495ms] [WARNING] No se encontró un rango de cobranza para 0 días de mora @ :4495
[    5328ms] SyntaxError: Failed to execute 'appendChild' on 'Node': Unexpected token '<'
    at l (https://simuladorcobranzasbdbpru.lappiz.io/scripts.a671500478c5251e.js:1:892)
    at e.globalEval (https://simuladorcobranzasbdbpru.lappiz.io/scripts.a671500478c5251e.js:1:3074)
    at Object.dataFilter (https://simuladorcobranzasbdbpru.lappiz.io/scripts.a671500478c5251e.js:1:87497)
    at https://simuladorcobranzasbdbpru.lappiz.io/scripts.a671500478c5251e.js:1:85798
    at Un (https://simuladorcobranzasbdbpru.lappiz.io/scripts.a671500478c5251e.js:1:86251)
    at XMLHttpRequest.<anonymous> (https://simuladorcobranzasbdbpru.lappiz.io/scripts.a671500478c5251e.js:1:89227)
    at XMLHttpRequest.lt (https://simuladorcobranzasbdbpru.lappiz.io/polyfills.d8ab91b0f38b471a.js:1:13288)
    at _.invokeTask (https://simuladorcobranzasbdbpru.lappiz.io/polyfills.d8ab91b0f38b471a.js:1:8309)
    at Object.onInvokeTask (https://simuladorcobranzasbdbpru.lappiz.io/main.aaf20cd1339efdfd.js:685:5433465)
    at _.invokeTask (https://simuladorcobranzasbdbpru.lappiz.io/polyfills.d8ab91b0f38b471a.js:1:8230)
[    5986ms] [ERROR] Error: TypeError: Cannot read properties of null (reading 'style') @ :88
[    8221ms] [ERROR] Failed to load resource: the server responded with a status of 401 () @ https://txtest.lappiz.io/SimiladorDNC_Lappiz.api/api/lappiz/sp/query:0
[    8230ms] [ERROR] Failed to load resource: the server responded with a status of 401 () @ https://txtest.lappiz.io/SimiladorDNC_Lappiz.api/api/lappiz/get/SimiladorDNC_Lappiz_TipoNovacion:0
[    8237ms] [ERROR] Failed to load resource: the server responded with a status of 401 () @ https://txtest.lappiz.io/SimiladorDNC_Lappiz.api/api/lappiz/get/SimiladorDNC_Lappiz_listaLugarExpedicion:0
[    8350ms] [ERROR] Failed to load resource: the server responded with a status of 401 () @ https://txtest.lappiz.io/SimiladorDNC_Lappiz.api/api/lappiz/get/SimiladorDNC_Lappiz_dethonorarios:0
[    8426ms] [ERROR] Failed to load resource: the server responded with a status of 401 () @ https://txtest.lappiz.io/SimiladorDNC_Lappiz.api/api/lappiz/get/SimiladorDNC_Lappiz_LineaProducto:0
[    8464ms] [ERROR] Failed to load resource: the server responded with a status of 401 () @ https://txtest.lappiz.io/SimiladorDNC_Lappiz.api/api/lappiz/sp/query:0
[    8474ms] [ERROR] Failed to load resource: the server responded with a status of 401 () @ https://txtest.lappiz.io/SimiladorDNC_Lappiz.api/api/lappiz/get/SimiladorDNC_Lappiz_ActividadPrincipal:0
[    8489ms] [ERROR] Failed to load resource: the server responded with a status of 401 () @ https://txtest.lappiz.io/SimiladorDNC_Lappiz.api/api/lappiz/get/SimiladorDNC_Lappiz_dethonorarios:0
[    8508ms] [ERROR] Failed to load resource: the server responded with a status of 401 () @ https://txtest.lappiz.io/SimiladorDNC_Lappiz.api/api/lappiz/get/SimiladorDNC_Lappiz_TasasVigentes:0
[    8588ms] [ERROR] Failed to load resource: the server responded with a status of 401 () @ https://txtest.lappiz.io/SimiladorDNC_Lappiz.api/api/lappiz/sp/query:0
[    8600ms] [ERROR] Failed to load resource: the server responded with a status of 401 () @ https://txtest.lappiz.io/SimiladorDNC_Lappiz.api/api/lappiz/get/SimiladorDNC_Lappiz_ActividadPrincipal:0
[    8611ms] [ERROR] Failed to load resource: the server responded with a status of 401 () @ https://txtest.lappiz.io/SimiladorDNC_Lappiz.api/api/lappiz/get/SimiladorDNC_Lappiz_ActividadPrincipal:0
[    8628ms] [LOG] ✅ Sincronización completa {workspace: Object, versioncache: null, _id: e402b0fe-7b28-462d-b313-545064751c21, _rev: 1-7115739b1ac15a3e1eb2e57d85663571} @ https://simuladorcobranzasbdbpru.lappiz.io/main.aaf20cd1339efdfd.js:684
[    8632ms] [ERROR] Failed to load resource: the server responded with a status of 401 () @ https://txtest.lappiz.io/SimiladorDNC_Lappiz.api/api/lappiz/get/SimiladorDNC_Lappiz_PoblamientoDatos:0
[    8640ms] [ERROR] Failed to load resource: the server responded with a status of 401 () @ https://txtest.lappiz.io/SimiladorDNC_Lappiz.api/api/lappiz/get/SimiladorDNC_Lappiz_ActividadPrincipal:0
[    8649ms] [ERROR] Failed to load resource: the server responded with a status of 401 () @ https://txtest.lappiz.io/SimiladorDNC_Lappiz.api/api/lappiz/user/info:0
[    8656ms] [ERROR] Failed to load resource: the server responded with a status of 401 () @ https://txtest.lappiz.io/SimiladorDNC_Lappiz.api/api/lappiz/get/SimiladorDNC_Lappiz_LineaProducto:0
[    8663ms] [ERROR] Failed to load resource: the server responded with a status of 401 () @ https://txtest.lappiz.io/SimiladorDNC_Lappiz.api/api/lappiz/get/SimiladorDNC_Lappiz_ActividadPrincipal:0
[    8668ms] [ERROR] Failed to load resource: the server responded with a status of 401 () @ https://txtest.lappiz.io/SimiladorDNC_Lappiz.api/api/lappiz/get/SimiladorDNC_Lappiz_ListaMarca:0
[    8674ms] [ERROR] Failed to load resource: the server responded with a status of 401 () @ https://txtest.lappiz.io/SimiladorDNC_Lappiz.api/api/lappiz/sp/query:0
[    8682ms] [ERROR] Failed to load resource: the server responded with a status of 401 () @ https://txtest.lappiz.io/SimiladorDNC_Lappiz.api/api/lappiz/get/SimiladorDNC_Lappiz_PlazoNovacion:0
[    8687ms] [ERROR] Failed to load resource: the server responded with a status of 401 () @ https://txtest.lappiz.io/SimiladorDNC_Lappiz.api/api/lappiz/get/SimiladorDNC_Lappiz_ActividadPrincipal:0
[    8702ms] [ERROR] Failed to load resource: the server responded with a status of 401 () @ https://txtest.lappiz.io/SimiladorDNC_Lappiz.api/api/lappiz/get/SimiladorDNC_Lappiz_ActividadPrincipal:0
[    8736ms] [ERROR] Failed to load resource: the server responded with a status of 401 () @ https://txtest.lappiz.io/SimiladorDNC_Lappiz.api/api/lappiz/get/SimiladorDNC_Lappiz_LineaProducto:0
[    8743ms] [ERROR] Failed to load resource: the server responded with a status of 401 () @ https://txtest.lappiz.io/SimiladorDNC_Lappiz.api/api/lappiz/get/SimiladorDNC_Lappiz_dethonorarios:0
[    8750ms] [ERROR] Failed to load resource: the server responded with a status of 401 () @ https://txtest.lappiz.io/SimiladorDNC_Lappiz.api/api/lappiz/get/SimiladorDNC_Lappiz_ActividadPrincipal:0
[    8757ms] [ERROR] Failed to load resource: the server responded with a status of 401 () @ https://txtest.lappiz.io/SimiladorDNC_Lappiz.api/api/lappiz/sp/query:0
[    8763ms] [ERROR] Failed to load resource: the server responded with a status of 401 () @ https://txtest.lappiz.io/SimiladorDNC_Lappiz.api/api/lappiz/get/SimiladorDNC_Lappiz_LineaProducto:0
[    8771ms] [ERROR] Failed to load resource: the server responded with a status of 401 () @ https://txtest.lappiz.io/SimiladorDNC_Lappiz.api/api/lappiz/get/SimiladorDNC_Lappiz_Officina:0
[    8781ms] [ERROR] Failed to load resource: the server responded with a status of 401 () @ https://txtest.lappiz.io/SimiladorDNC_Lappiz.api/api/lappiz/sp/query:0
[    8787ms] [ERROR] Failed to load resource: the server responded with a status of 401 () @ https://txtest.lappiz.io/SimiladorDNC_Lappiz.api/api/lappiz/get/SimiladorDNC_Lappiz_dethonorarios:0
[    8886ms] [ERROR] Failed to load resource: the server responded with a status of 401 () @ https://txtest.lappiz.io/SimiladorDNC_Lappiz.api/api/lappiz/sp/query:0
[   11022ms] [ERROR] Failed to load resource: the server responded with a status of 500 () @ https://txtest.lappiz.io/SimiladorDNC_Lappiz.api/api/lappiz/get/SimiladorDNC_Lappiz_PoblamientoDatos:0
[   11026ms] [ERROR] ERROR Error: Uncaught (in promise): te: {"headers":{"normalizedNames":{},"lazyUpdate":null},"status":500,"statusText":"OK","url":"https://txtest.lappiz.io/SimiladorDNC_Lappiz.api/api/lappiz/get/SimiladorDNC_Lappiz_PoblamientoDatos","ok":false,"name":"HttpErrorResponse","message":"Http failure response for https://txtest.lappiz.io/SimiladorDNC_Lappiz.api/api/lappiz/get/SimiladorDNC_Lappiz_PoblamientoDatos: 500 OK","error":{"error":"Error interno del servidor."}}
    at te (https://simuladorcobranzasbdbpru.lappiz.io/polyfills.d8ab91b0f38b471a.js:1:17787)
    at https://simuladorcobranzasbdbpru.lappiz.io/polyfills.d8ab91b0f38b471a.js:1:16863
    at https://simuladorcobranzasbdbpru.lappiz.io/polyfills.d8ab91b0f38b471a.js:1:16969
    at l (https://simuladorcobranzasbdbpru.lappiz.io/main.aaf20cd1339efdfd.js:685:5598899)
    at p (https://simuladorcobranzasbdbpru.lappiz.io/main.aaf20cd1339efdfd.js:685:5599102)
    at _.invoke (https://simuladorcobranzasbdbpru.lappiz.io/polyfills.d8ab91b0f38b471a.js:1:7624)
    at Object.onInvoke (https://simuladorcobranzasbdbpru.lappiz.io/main.aaf20cd1339efdfd.js:685:5433667)
    at _.invoke (https://simuladorcobranzasbdbpru.lappiz.io/polyfills.d8ab91b0f38b471a.js:1:7563)
    at _.run (https://simuladorcobranzasbdbpru.lappiz.io/polyfills.d8ab91b0f38b471a.js:1:2685)
    at https://simuladorcobranzasbdbpru.lappiz.io/polyfills.d8ab91b0f38b471a.js:1:18582 @ https://simuladorcobranzasbdbpru.lappiz.io/main.aaf20cd1339efdfd.js:684
[   11196ms] [LOG] undefined @ :4466
[   11196ms] [ERROR] Error al mostrar los campos: TypeError: Cannot read properties of undefined (reading 'ValorHonorarios')
    at calculoHonorarios (eval at myService.evalEvent (https://simuladorcobranzasbdbpru.lappiz.io/main.aaf20cd1339efdfd.js:685:2704682), <anonymous>:4468:57) @ :4470
[   11200ms] [LOG] undefined @ :4466
[   11200ms] [ERROR] Error al mostrar los campos: TypeError: Cannot read properties of undefined (reading 'ValorHonorarios')
    at calculoHonorarios (eval at myService.evalEvent (https://simuladorcobranzasbdbpru.lappiz.io/main.aaf20cd1339efdfd.js:685:2704682), <anonymous>:4468:57) @ :4470
[   11207ms] [LOG] [Object] @ :4661
[   11218ms] [LOG] undefined @ :4466
[   11218ms] [ERROR] Error al mostrar los campos: TypeError: Cannot read properties of undefined (reading 'ValorHonorarios')
    at calculoHonorarios (eval at myService.evalEvent (https://simuladorcobranzasbdbpru.lappiz.io/main.aaf20cd1339efdfd.js:685:2704682), <anonymous>:4468:57) @ :4470
[   28096ms] [LOG] console.log(backandGlobal.environment); TEST @ :2373
[   28101ms] [LOG] ITAU: no se encontraron obligaciones @ :2061
[   81168ms] [ERROR] Error: ReferenceError: validacionPoliticaCancelacion is not defined @ :4656
[   81170ms] [LOG] synchronizeData: No pending changes to synchronize @ https://simuladorcobranzasbdbpru.lappiz.io/main.aaf20cd1339efdfd.js:684
[   81173ms] [LOG] synchronizeData: No pending changes to synchronize @ https://simuladorcobranzasbdbpru.lappiz.io/main.aaf20cd1339efdfd.js:684
[   81189ms] [LOG] [e321eed7-845b-46e4-89f8-0bdf0c53e0e4, #9ccfa8bd-4060-4aa1-b437-4528d6f9bc35, #6e51a18a-184d-455f-9f42-6b3a3d56729f, GASTOS_CALL, 0119, HIPOTECARIO, pagomora] @ :2848
[   81246ms] [LOG] [bda37ca7-d503-4d41-8ff4-aebde2cb7c30, #8e8d6cf2-299c-4b45-8059-64cf50b2bd11, #dfe46e30-5328-485e-bc80-bec20aab2d02, GASTOS_CALL, 0119, HIPOTECARIO, cancelacion] @ :2848
[   81302ms] [LOG] synchronizeData: No pending changes to synchronize @ https://simuladorcobranzasbdbpru.lappiz.io/main.aaf20cd1339efdfd.js:684
[   81303ms] [LOG] initGastoNov -> TipoCobro: "GASTOS_CALL" | objetivo: GASTO @ :2238
[   81325ms] [LOG] initGastoNov -> seleccionado: Gastos por cobranza @ :2259
[   81867ms] [LOG] {PorcCancelacionIntMora: 100, PorcCancelacionIntCte: 100, PorcentajeCT: 0} @ :3490
[   82019ms] [ERROR] ERROR Error: Uncaught (in promise): ReferenceError: PagoMinObl is not defined
ReferenceError: PagoMinObl is not defined
    at eval (eval at myService.evalEvent (https://simuladorcobranzasbdbpru.lappiz.io/main.aaf20cd1339efdfd.js:685:2704682), <anonymous>:4650:43)
    at _.invoke (https://simuladorcobranzasbdbpru.lappiz.io/polyfills.d8ab91b0f38b471a.js:1:7624)
    at Object.onInvoke (https://simuladorcobranzasbdbpru.lappiz.io/main.aaf20cd1339efdfd.js:685:5433667)
    at _.invoke (https://simuladorcobranzasbdbpru.lappiz.io/polyfills.d8ab91b0f38b471a.js:1:7563)
    at _.run (https://simuladorcobranzasbdbpru.lappiz.io/polyfills.d8ab91b0f38b471a.js:1:2685)
    at https://simuladorcobranzasbdbpru.lappiz.io/polyfills.d8ab91b0f38b471a.js:1:18582
    at _.invokeTask (https://simuladorcobranzasbdbpru.lappiz.io/polyfills.d8ab91b0f38b471a.js:1:8309)
    at Object.onInvokeTask (https://simuladorcobranzasbdbpru.lappiz.io/main.aaf20cd1339efdfd.js:685:5433465)
    at _.invokeTask (https://simuladorcobranzasbdbpru.lappiz.io/polyfills.d8ab91b0f38b471a.js:1:8230)
    at _.runTask (https://simuladorcobranzasbdbpru.lappiz.io/polyfills.d8ab91b0f38b471a.js:1:3354)
    at eval (eval at myService.evalEvent (https://simuladorcobranzasbdbpru.lappiz.io/main.aaf20cd1339efdfd.js:685:2704682), <anonymous>:4650:43)
    at _.invoke (https://simuladorcobranzasbdbpru.lappiz.io/polyfills.d8ab91b0f38b471a.js:1:7624)
    at Object.onInvoke (https://simuladorcobranzasbdbpru.lappiz.io/main.aaf20cd1339efdfd.js:685:5433667)
    at _.invoke (https://simuladorcobranzasbdbpru.lappiz.io/polyfills.d8ab91b0f38b471a.js:1:7563)
    at _.run (https://simuladorcobranzasbdbpru.lappiz.io/polyfills.d8ab91b0f38b471a.js:1:2685)
    at https://simuladorcobranzasbdbpru.lappiz.io/polyfills.d8ab91b0f38b471a.js:1:18582
    at _.invokeTask (https://simuladorcobranzasbdbpru.lappiz.io/polyfills.d8ab91b0f38b471a.js:1:8309)
    at Object.onInvokeTask (https://simuladorcobranzasbdbpru.lappiz.io/main.aaf20cd1339efdfd.js:685:5433465)
    at _.invokeTask (https://simuladorcobranzasbdbpru.lappiz.io/polyfills.d8ab91b0f38b471a.js:1:8230)
    at _.runTask (https://simuladorcobranzasbdbpru.lappiz.io/polyfills.d8ab91b0f38b471a.js:1:3354)
    at te (https://simuladorcobranzasbdbpru.lappiz.io/polyfills.d8ab91b0f38b471a.js:1:17787)
    at https://simuladorcobranzasbdbpru.lappiz.io/polyfills.d8ab91b0f38b471a.js:1:18640
    at _.invokeTask (https://simuladorcobranzasbdbpru.lappiz.io/polyfills.d8ab91b0f38b471a.js:1:8309)
    at Object.onInvokeTask (https://simuladorcobranzasbdbpru.lappiz.io/main.aaf20cd1339efdfd.js:685:5433465)
    at _.invokeTask (https://simuladorcobranzasbdbpru.lappiz.io/polyfills.d8ab91b0f38b471a.js:1:8230)
    at _.runTask (https://simuladorcobranzasbdbpru.lappiz.io/polyfills.d8ab91b0f38b471a.js:1:3354)
    at U (https://simuladorcobranzasbdbpru.lappiz.io/polyfills.d8ab91b0f38b471a.js:1:10711)
    at _.invokeTask [as invoke] (https://simuladorcobranzasbdbpru.lappiz.io/polyfills.d8ab91b0f38b471a.js:1:9479)
    at O (https://simuladorcobranzasbdbpru.lappiz.io/polyfills.d8ab91b0f38b471a.js:1:23116)
    at A (https://simuladorcobranzasbdbpru.lappiz.io/polyfills.d8ab91b0f38b471a.js:1:23489) @ https://simuladorcobranzasbdbpru.lappiz.io/main.aaf20cd1339efdfd.js:684
[   82026ms] [LOG] Tasas de ampliación obtenidas de la base de datos: {PorcAmpliacionIntCte: 35, PorcAmpliacionIntMora: 100} @ :787
[   82026ms] [LOG] [020563ab-b407-433b-bcf3-c534456818f3, #8e1dc11f-e65c-4141-a1d5-42850fd9b214, #93f08e21-47c5-48ee-8acc-b093afe84a38, GASTOS_CALL, 0119, HIPOTECARIO, ampliacion] @ :2848
[   82027ms] [LOG] Abono mínimo sin descuento: 84734 @ :2280
[   82028ms] [LOG] Abono con descuento máximo: 75852 @ :2292
[   82034ms] [LOG] Abono mínimo sin descuento: 84734 @ :2280
[   82035ms] [LOG] Abono con descuento máximo: 75852 @ :2292
[   82042ms] [LOG] Abono mínimo sin descuento: 84734 @ :2280
[   82042ms] [LOG] Abono con descuento máximo: 75852 @ :2292
[   82049ms] [LOG] Abono mínimo sin descuento: 84734 @ :2280
[   82049ms] [LOG] Abono con descuento máximo: 75852 @ :2292
[   82060ms] [LOG] Abono mínimo sin descuento: 84734 @ :2280
[   82060ms] [LOG] Abono con descuento máximo: 75852 @ :2292
[   82065ms] [LOG] Abono mínimo sin descuento: 84734 @ :2280
[   82065ms] [LOG] Abono con descuento máximo: 75852 @ :2292
[   82072ms] [LOG] Abono mínimo sin descuento: 84734 @ :2280
[   82072ms] [LOG] Abono con descuento máximo: 75852 @ :2292
[   82077ms] [LOG] Abono mínimo sin descuento: 84734 @ :2280
[   82077ms] [LOG] Abono con descuento máximo: 75852 @ :2292
[   82082ms] [LOG] Abono mínimo sin descuento: 84734 @ :2280
[   82084ms] [LOG] Abono con descuento máximo: 75852 @ :2292
[   82089ms] [LOG] Abono mínimo sin descuento: 84734 @ :2280
[   82090ms] [LOG] Abono con descuento máximo: 75852 @ :2292
[   82096ms] [LOG] Abono mínimo sin descuento: 84734 @ :2280
[   82096ms] [LOG] Abono con descuento máximo: 75852 @ :2292
[  388633ms] [ERROR] Error: ReferenceError: validacionPoliticaCancelacion is not defined @ :4656
[  388640ms] [ERROR] Error: TypeError: Cannot set properties of null (setting 'selectedIndex') @ :4656
[  388679ms] [ERROR] Error: TypeError: Cannot read properties of undefined (reading 'textContent') @ :4656
[  388687ms] [ERROR] Error: TypeError: Cannot read properties of undefined (reading 'textContent') @ :4656
[  388701ms] [ERROR] Error: TypeError: Cannot read properties of null (reading 'value') @ :4658
[  389032ms] [ERROR] Error: TypeError: Cannot set properties of null (setting 'value') @ :4657
[  389053ms] [WARNING] No se encontró un rango de cobranza para 0 días de mora @ :4495
[  389083ms] [LOG] Abono mínimo sin descuento: 0 @ :2280
[  389084ms] [LOG] Abono con descuento máximo: 20000 @ :2292
[  389086ms] [LOG] Abono mínimo sin descuento: 0 @ :2280
[  389086ms] [LOG] Abono con descuento máximo: 20000 @ :2292
[  389089ms] [LOG] Abono mínimo sin descuento: 0 @ :2280
[  389090ms] [LOG] Abono con descuento máximo: 20000 @ :2292
[  389112ms] [LOG] Abono mínimo sin descuento: 0 @ :2280
[  389112ms] [LOG] Abono con descuento máximo: 20000 @ :2292
[  389114ms] [LOG] Abono mínimo sin descuento: 0 @ :2280
[  389115ms] [LOG] Abono con descuento máximo: 20000 @ :2292
[  389116ms] [LOG] Abono mínimo sin descuento: 0 @ :2280
[  389117ms] [LOG] Abono con descuento máximo: 20000 @ :2292
[  389132ms] [LOG] Abono mínimo sin descuento: 0 @ :2280
[  389133ms] [LOG] Abono con descuento máximo: 20000 @ :2292
[  389135ms] [LOG] Abono mínimo sin descuento: 0 @ :2280
[  389135ms] [LOG] Abono con descuento máximo: 20000 @ :2292
[  389154ms] [LOG] Abono mínimo sin descuento: 0 @ :2280
[  389154ms] [LOG] Abono con descuento máximo: 20000 @ :2292
[  389157ms] [LOG] Abono mínimo sin descuento: 0 @ :2280
[  389158ms] [LOG] Abono con descuento máximo: 20000 @ :2292
[  389212ms] [LOG] Abono mínimo sin descuento: 0 @ :2280
[  389212ms] [LOG] Abono con descuento máximo: 20000 @ :2292
[  389241ms] [ERROR] Error: TypeError: Cannot set properties of null (setting 'value') @ :4657
[  389268ms] [WARNING] No se encontró un rango de cobranza para 0 días de mora @ :4495
[  389761ms] [WARNING] No se encontró un rango de cobranza para 0 días de mora @ :4495
[  389970ms] [ERROR] Error: TypeError: Cannot read properties of undefined (reading 'textContent') @ :4656
[  389985ms] [LOG] synchronizeData: No pending changes to synchronize @ https://simuladorcobranzasbdbpru.lappiz.io/main.aaf20cd1339efdfd.js:684
[  389986ms] [LOG] synchronizeData: No pending changes to synchronize @ https://simuladorcobranzasbdbpru.lappiz.io/main.aaf20cd1339efdfd.js:684
[  389987ms] [LOG] synchronizeData: No pending changes to synchronize @ https://simuladorcobranzasbdbpru.lappiz.io/main.aaf20cd1339efdfd.js:684
[  389988ms] [LOG] synchronizeData: No pending changes to synchronize @ https://simuladorcobranzasbdbpru.lappiz.io/main.aaf20cd1339efdfd.js:684
[  389989ms] [LOG] synchronizeData: No pending changes to synchronize @ https://simuladorcobranzasbdbpru.lappiz.io/main.aaf20cd1339efdfd.js:684
[  389991ms] [LOG] synchronizeData: No pending changes to synchronize @ https://simuladorcobranzasbdbpru.lappiz.io/main.aaf20cd1339efdfd.js:684
[  389993ms] [LOG] synchronizeData: No pending changes to synchronize @ https://simuladorcobranzasbdbpru.lappiz.io/main.aaf20cd1339efdfd.js:684
[  389995ms] [LOG] synchronizeData: No pending changes to synchronize @ https://simuladorcobranzasbdbpru.lappiz.io/main.aaf20cd1339efdfd.js:684
[  389997ms] [LOG] synchronizeData: No pending changes to synchronize @ https://simuladorcobranzasbdbpru.lappiz.io/main.aaf20cd1339efdfd.js:684
[  389999ms] [LOG] synchronizeData: No pending changes to synchronize @ https://simuladorcobranzasbdbpru.lappiz.io/main.aaf20cd1339efdfd.js:684
[  390000ms] [LOG] synchronizeData: No pending changes to synchronize @ https://simuladorcobranzasbdbpru.lappiz.io/main.aaf20cd1339efdfd.js:684
[  390002ms] [LOG] synchronizeData: No pending changes to synchronize @ https://simuladorcobranzasbdbpru.lappiz.io/main.aaf20cd1339efdfd.js:684
[  390003ms] [LOG] synchronizeData: No pending changes to synchronize @ https://simuladorcobranzasbdbpru.lappiz.io/main.aaf20cd1339efdfd.js:684
[  390005ms] [LOG] synchronizeData: No pending changes to synchronize @ https://simuladorcobranzasbdbpru.lappiz.io/main.aaf20cd1339efdfd.js:684
[  390006ms] [LOG] synchronizeData: No pending changes to synchronize @ https://simuladorcobranzasbdbpru.lappiz.io/main.aaf20cd1339efdfd.js:684
[  390007ms] [LOG] synchronizeData: No pending changes to synchronize @ https://simuladorcobranzasbdbpru.lappiz.io/main.aaf20cd1339efdfd.js:684
[  390008ms] [LOG] synchronizeData: No pending changes to synchronize @ https://simuladorcobranzasbdbpru.lappiz.io/main.aaf20cd1339efdfd.js:684
[  390009ms] [LOG] synchronizeData: No pending changes to synchronize @ https://simuladorcobranzasbdbpru.lappiz.io/main.aaf20cd1339efdfd.js:684
[  390011ms] [LOG] synchronizeData: No pending changes to synchronize @ https://simuladorcobranzasbdbpru.lappiz.io/main.aaf20cd1339efdfd.js:684
[  390012ms] [LOG] synchronizeData: No pending changes to synchronize @ https://simuladorcobranzasbdbpru.lappiz.io/main.aaf20cd1339efdfd.js:684
[  390013ms] [LOG] synchronizeData: No pending changes to synchronize @ https://simuladorcobranzasbdbpru.lappiz.io/main.aaf20cd1339efdfd.js:684
[  390014ms] [LOG] synchronizeData: No pending changes to synchronize @ https://simuladorcobranzasbdbpru.lappiz.io/main.aaf20cd1339efdfd.js:684
[  390015ms] [LOG] synchronizeData: No pending changes to synchronize @ https://simuladorcobranzasbdbpru.lappiz.io/main.aaf20cd1339efdfd.js:684
[  390053ms] [LOG] La fecha no cumple la condición @ :3244
[  390056ms] [LOG] La fecha no cumple la condición @ :3244
[  390059ms] [LOG] La fecha no cumple la condición @ :3244
[  390063ms] [LOG] La fecha no cumple la condición @ :3244
[  390071ms] [LOG] [Object] @ :4661
[  390321ms] [ERROR] ERROR TypeError: Cannot read properties of null (reading 'style')
    at eval (eval at myService.evalEvent (https://simuladorcobranzasbdbpru.lappiz.io/main.aaf20cd1339efdfd.js:685:2704682), <anonymous>:4671:127)
    at P.<computed> (https://simuladorcobranzasbdbpru.lappiz.io/polyfills.d8ab91b0f38b471a.js:1:41246)
    at _.invokeTask (https://simuladorcobranzasbdbpru.lappiz.io/polyfills.d8ab91b0f38b471a.js:1:8309)
    at Object.onInvokeTask (https://simuladorcobranzasbdbpru.lappiz.io/main.aaf20cd1339efdfd.js:685:5433465)
    at _.invokeTask (https://simuladorcobranzasbdbpru.lappiz.io/polyfills.d8ab91b0f38b471a.js:1:8230)
    at _.runTask (https://simuladorcobranzasbdbpru.lappiz.io/polyfills.d8ab91b0f38b471a.js:1:3354)
    at _.invokeTask (https://simuladorcobranzasbdbpru.lappiz.io/polyfills.d8ab91b0f38b471a.js:1:9449)
    at invoke (https://simuladorcobranzasbdbpru.lappiz.io/polyfills.d8ab91b0f38b471a.js:1:9339)
    at E.T.args.<computed> (https://simuladorcobranzasbdbpru.lappiz.io/polyfills.d8ab91b0f38b471a.js:1:40944) @ https://simuladorcobranzasbdbpru.lappiz.io/main.aaf20cd1339efdfd.js:684
[  390658ms] [LOG] undefined @ :4466
[  390658ms] [ERROR] Error al mostrar los campos: TypeError: Cannot read properties of undefined (reading 'ValorHonorarios')
    at calculoHonorarios (eval at myService.evalEvent (https://simuladorcobranzasbdbpru.lappiz.io/main.aaf20cd1339efdfd.js:685:2704682), <anonymous>:4468:57) @ :4470
[  390815ms] [WARNING] No se encontró un rango de cobranza para 0 días de mora @ :4495
[  390825ms] [LOG] undefined @ :4466
[  390825ms] [ERROR] Error al mostrar los campos: TypeError: Cannot read properties of undefined (reading 'ValorHonorarios')
    at calculoHonorarios (eval at myService.evalEvent (https://simuladorcobranzasbdbpru.lappiz.io/main.aaf20cd1339efdfd.js:685:2704682), <anonymous>:4468:57) @ :4470
[  390830ms] [LOG] Abono mínimo sin descuento: 0 @ :2280
[  390830ms] [LOG] Abono con descuento máximo: 20000 @ :2292
[  390834ms] [LOG] Abono mínimo sin descuento: 0 @ :2280
[  390834ms] [LOG] Abono con descuento máximo: 20000 @ :2292
[  390838ms] [LOG] Abono mínimo sin descuento: 0 @ :2280
[  390839ms] [LOG] Abono con descuento máximo: 20000 @ :2292
[  390862ms] [LOG] Abono mínimo sin descuento: 0 @ :2280
[  390862ms] [LOG] Abono con descuento máximo: 20000 @ :2292
[  390867ms] [LOG] Abono mínimo sin descuento: 0 @ :2280
[  390868ms] [LOG] Abono con descuento máximo: 20000 @ :2292
[  390874ms] [LOG] Abono mínimo sin descuento: 0 @ :2280
[  390874ms] [LOG] Abono con descuento máximo: 20000 @ :2292
[  390885ms] [LOG] Abono mínimo sin descuento: 0 @ :2280
[  390885ms] [LOG] Abono con descuento máximo: 20000 @ :2292
[  390892ms] [LOG] Abono mínimo sin descuento: 0 @ :2280
[  390892ms] [LOG] Abono con descuento máximo: 20000 @ :2292
[  390903ms] [LOG] undefined @ :4466
[  390903ms] [ERROR] Error al mostrar los campos: TypeError: Cannot read properties of undefined (reading 'ValorHonorarios')
    at calculoHonorarios (eval at myService.evalEvent (https://simuladorcobranzasbdbpru.lappiz.io/main.aaf20cd1339efdfd.js:685:2704682), <anonymous>:4468:57) @ :4470
[  390910ms] [LOG] Abono mínimo sin descuento: 0 @ :2280
[  390910ms] [LOG] Abono con descuento máximo: 20000 @ :2292
[  390914ms] [LOG] Abono mínimo sin descuento: 0 @ :2280
[  390914ms] [LOG] Abono con descuento máximo: 20000 @ :2292
[  390944ms] [LOG] Abono mínimo sin descuento: 0 @ :2280
[  390944ms] [LOG] Abono con descuento máximo: 20000 @ :2292
[  390953ms] [WARNING] No se encontró un rango de cobranza para 0 días de mora @ :4495
[  391113ms] [ERROR] ERROR TypeError: Cannot read properties of undefined (reading 'bind')
    at eval (eval at myService.evalEvent (https://simuladorcobranzasbdbpru.lappiz.io/main.aaf20cd1339efdfd.js:685:2704682), <anonymous>:4737:22)
    at P.<computed> (https://simuladorcobranzasbdbpru.lappiz.io/polyfills.d8ab91b0f38b471a.js:1:41246)
    at _.invokeTask (https://simuladorcobranzasbdbpru.lappiz.io/polyfills.d8ab91b0f38b471a.js:1:8309)
    at Object.onInvokeTask (https://simuladorcobranzasbdbpru.lappiz.io/main.aaf20cd1339efdfd.js:685:5433465)
    at _.invokeTask (https://simuladorcobranzasbdbpru.lappiz.io/polyfills.d8ab91b0f38b471a.js:1:8230)
    at _.runTask (https://simuladorcobranzasbdbpru.lappiz.io/polyfills.d8ab91b0f38b471a.js:1:3354)
    at _.invokeTask (https://simuladorcobranzasbdbpru.lappiz.io/polyfills.d8ab91b0f38b471a.js:1:9449)
    at invoke (https://simuladorcobranzasbdbpru.lappiz.io/polyfills.d8ab91b0f38b471a.js:1:9339)
    at E.T.args.<computed> (https://simuladorcobranzasbdbpru.lappiz.io/polyfills.d8ab91b0f38b471a.js:1:40944) @ https://simuladorcobranzasbdbpru.lappiz.io/main.aaf20cd1339efdfd.js:684
[  391115ms] [ERROR] Failed to load resource: the server responded with a status of 500 () @ https://txtest.lappiz.io/SimiladorDNC_Lappiz.api/api/lappiz/get/SimiladorDNC_Lappiz_PoblamientoDatos:0
[  391122ms] [ERROR] ERROR Error: Uncaught (in promise): ()=>ue
    at te (https://simuladorcobranzasbdbpru.lappiz.io/polyfills.d8ab91b0f38b471a.js:1:17787)
    at https://simuladorcobranzasbdbpru.lappiz.io/polyfills.d8ab91b0f38b471a.js:1:16863
    at https://simuladorcobranzasbdbpru.lappiz.io/polyfills.d8ab91b0f38b471a.js:1:16969
    at l (https://simuladorcobranzasbdbpru.lappiz.io/main.aaf20cd1339efdfd.js:685:5598899)
    at p (https://simuladorcobranzasbdbpru.lappiz.io/main.aaf20cd1339efdfd.js:685:5599102)
    at _.invoke (https://simuladorcobranzasbdbpru.lappiz.io/polyfills.d8ab91b0f38b471a.js:1:7624)
    at Object.onInvoke (https://simuladorcobranzasbdbpru.lappiz.io/main.aaf20cd1339efdfd.js:685:5433667)
    at _.invoke (https://simuladorcobranzasbdbpru.lappiz.io/polyfills.d8ab91b0f38b471a.js:1:7563)
    at _.run (https://simuladorcobranzasbdbpru.lappiz.io/polyfills.d8ab91b0f38b471a.js:1:2685)
    at https://simuladorcobranzasbdbpru.lappiz.io/polyfills.d8ab91b0f38b471a.js:1:18582 @ https://simuladorcobranzasbdbpru.lappiz.io/main.aaf20cd1339efdfd.js:684
[  391276ms] [WARNING] No se encontró un rango de cobranza para 0 días de mora @ :4495
[  393469ms] SyntaxError: Failed to execute 'appendChild' on 'Node': Unexpected token '<'
    at l (https://simuladorcobranzasbdbpru.lappiz.io/scripts.a671500478c5251e.js:1:892)
    at e.globalEval (https://simuladorcobranzasbdbpru.lappiz.io/scripts.a671500478c5251e.js:1:3074)
    at Object.dataFilter (https://simuladorcobranzasbdbpru.lappiz.io/scripts.a671500478c5251e.js:1:87497)
    at https://simuladorcobranzasbdbpru.lappiz.io/scripts.a671500478c5251e.js:1:85798
    at Un (https://simuladorcobranzasbdbpru.lappiz.io/scripts.a671500478c5251e.js:1:86251)
    at XMLHttpRequest.<anonymous> (https://simuladorcobranzasbdbpru.lappiz.io/scripts.a671500478c5251e.js:1:89227)
    at XMLHttpRequest.lt (https://simuladorcobranzasbdbpru.lappiz.io/polyfills.d8ab91b0f38b471a.js:1:13288)
    at _.invokeTask (https://simuladorcobranzasbdbpru.lappiz.io/polyfills.d8ab91b0f38b471a.js:1:8309)
    at Object.onInvokeTask (https://simuladorcobranzasbdbpru.lappiz.io/main.aaf20cd1339efdfd.js:685:5433465)
    at _.invokeTask (https://simuladorcobranzasbdbpru.lappiz.io/polyfills.d8ab91b0f38b471a.js:1:8230)
[  421678ms] [LOG] Abono mínimo sin descuento: 0 @ :2280
[  421678ms] [LOG] Abono con descuento máximo: 20000 @ :2292
[  421685ms] [LOG] Abono mínimo sin descuento: 0 @ :2280
[  421685ms] [LOG] Abono con descuento máximo: 20000 @ :2292
[  421698ms] [LOG] Abono mínimo sin descuento: 0 @ :2280
[  421698ms] [LOG] Abono con descuento máximo: 20000 @ :2292
[  421702ms] [LOG] Abono mínimo sin descuento: 0 @ :2280
[  421702ms] [LOG] Abono con descuento máximo: 20000 @ :2292
[ 2033351ms] [LOG] requestSubscription: Push Notifications are blocked by the user. Registration failed - permission denied @ https://simuladorcobranzasbdbpru.lappiz.io/main.aaf20cd1339efdfd.js:684
