[    1517ms] [LOG] ✅ Lappiz Chat Widget registrado exitosamente @ https://cdn.jsdelivr.net/gh/finticlappiz/lappiz-ia-widget@latest/dist/browser/main.js:8
[    3894ms] [LOG] Platform ready, SQLite available @ https://simuladorcobranzasbdbpru.lappiz.io/main.aaf20cd1339efdfd.js:684
[    4062ms] [LOG] No hay sesión activa @ https://simuladorcobranzasbdbpru.lappiz.io/4.ea624e8d2330eccd.js:0
[    4153ms] [WARNING] Google Maps JavaScript API has been loaded directly without loading=async. This can result in suboptimal performance. For best-practice loading patterns please see https://goo.gle/js-api-loading @ https://maps.google.com/maps/api/js?key=AIzaSyAvbIF7EC0gAJzv8GQeE-0EiEWgR-VEM4o&libraries=geometry,places,visualization:2620
[    4264ms] [WARNING] <meta name="apple-mobile-web-app-capable" content="yes"> is deprecated. Please include <meta name="mobile-web-app-capable" content="yes"> @ https://simuladorcobranzasbdbpru.lappiz.io/#/auth/login/SimiladorDNC_Lappiz:0
[    4346ms] [LOG] Se ha creado correctamente el registro del stateApp @ https://simuladorcobranzasbdbpru.lappiz.io/4.ea624e8d2330eccd.js:0
[    5464ms] [ERROR] Error: TypeError: Cannot set properties of null (setting 'innerText') @ :88
[   21858ms] [LOG] Se ha creado correctamente el registro del stateApp @ https://simuladorcobranzasbdbpru.lappiz.io/main.aaf20cd1339efdfd.js:684
[   22558ms] [LOG] Se creo el documento userInfo con exito @ https://simuladorcobranzasbdbpru.lappiz.io/main.aaf20cd1339efdfd.js:684
[   22879ms] [LOG] Se actualizo el documento userInfo con exito @ https://simuladorcobranzasbdbpru.lappiz.io/main.aaf20cd1339efdfd.js:684
[   24383ms] [ERROR] ERROR TypeError: Cannot read properties of null (reading 'style')
    at eval (eval at myService.evalEvent (https://simuladorcobranzasbdbpru.lappiz.io/main.aaf20cd1339efdfd.js:685:2947319), <anonymous>:109:66)
    at P.<computed> (https://simuladorcobranzasbdbpru.lappiz.io/polyfills.d8ab91b0f38b471a.js:1:41246)
    at _.invokeTask (https://simuladorcobranzasbdbpru.lappiz.io/polyfills.d8ab91b0f38b471a.js:1:8309)
    at Object.onInvokeTask (https://simuladorcobranzasbdbpru.lappiz.io/main.aaf20cd1339efdfd.js:685:5433465)
    at _.invokeTask (https://simuladorcobranzasbdbpru.lappiz.io/polyfills.d8ab91b0f38b471a.js:1:8230)
    at _.runTask (https://simuladorcobranzasbdbpru.lappiz.io/polyfills.d8ab91b0f38b471a.js:1:3354)
    at _.invokeTask (https://simuladorcobranzasbdbpru.lappiz.io/polyfills.d8ab91b0f38b471a.js:1:9449)
    at invoke (https://simuladorcobranzasbdbpru.lappiz.io/polyfills.d8ab91b0f38b471a.js:1:9339)
    at E.T.args.<computed> (https://simuladorcobranzasbdbpru.lappiz.io/polyfills.d8ab91b0f38b471a.js:1:40944) @ https://simuladorcobranzasbdbpru.lappiz.io/main.aaf20cd1339efdfd.js:684
[   25537ms] [ERROR] Error: ReferenceError: validacionPoliticaCancelacion is not defined @ :4656
[   25549ms] [ERROR] Error: TypeError: Cannot set properties of null (setting 'selectedIndex') @ :4656
[   25610ms] [ERROR] Error: TypeError: Cannot read properties of undefined (reading 'textContent') @ :4656
[   25627ms] [ERROR] Error: TypeError: Cannot read properties of undefined (reading 'textContent') @ :4656
[   25687ms] [ERROR] Error: TypeError: Cannot read properties of null (reading 'value') @ :4658
[   25988ms] [ERROR] Mecanismo no reconocido @ :4047
[   26008ms] [WARNING] No se encontró un rango de cobranza para 0 días de mora @ :4495
[   26110ms] [LOG] Abono mínimo sin descuento: 0 @ :2280
[   26111ms] [LOG] Abono con descuento máximo: 20000 @ :2292
[   26150ms] [ERROR] Mecanismo no reconocido @ :4047
[   26165ms] [WARNING] No se encontró un rango de cobranza para 0 días de mora @ :4495
[   26604ms] [ERROR] Mecanismo no reconocido @ :4047
[   26615ms] [WARNING] No se encontró un rango de cobranza para 0 días de mora @ :4495
[   26807ms] [ERROR] Error: TypeError: Cannot read properties of undefined (reading 'textContent') @ :4656
[   26817ms] [LOG] synchronizeData: No pending changes to synchronize @ https://simuladorcobranzasbdbpru.lappiz.io/main.aaf20cd1339efdfd.js:684
[   26820ms] [LOG] synchronizeData: No pending changes to synchronize @ https://simuladorcobranzasbdbpru.lappiz.io/main.aaf20cd1339efdfd.js:684
[   26823ms] [LOG] synchronizeData: No pending changes to synchronize @ https://simuladorcobranzasbdbpru.lappiz.io/main.aaf20cd1339efdfd.js:684
[   26825ms] [LOG] synchronizeData: No pending changes to synchronize @ https://simuladorcobranzasbdbpru.lappiz.io/main.aaf20cd1339efdfd.js:684
[   26828ms] [LOG] synchronizeData: No pending changes to synchronize @ https://simuladorcobranzasbdbpru.lappiz.io/main.aaf20cd1339efdfd.js:684
[   26830ms] [LOG] synchronizeData: No pending changes to synchronize @ https://simuladorcobranzasbdbpru.lappiz.io/main.aaf20cd1339efdfd.js:684
[   26832ms] [LOG] synchronizeData: No pending changes to synchronize @ https://simuladorcobranzasbdbpru.lappiz.io/main.aaf20cd1339efdfd.js:684
[   26833ms] [LOG] synchronizeData: No pending changes to synchronize @ https://simuladorcobranzasbdbpru.lappiz.io/main.aaf20cd1339efdfd.js:684
[   26835ms] [LOG] synchronizeData: No pending changes to synchronize @ https://simuladorcobranzasbdbpru.lappiz.io/main.aaf20cd1339efdfd.js:684
[   26837ms] [LOG] synchronizeData: No pending changes to synchronize @ https://simuladorcobranzasbdbpru.lappiz.io/main.aaf20cd1339efdfd.js:684
[   26838ms] [LOG] synchronizeData: No pending changes to synchronize @ https://simuladorcobranzasbdbpru.lappiz.io/main.aaf20cd1339efdfd.js:684
[   26839ms] [LOG] synchronizeData: No pending changes to synchronize @ https://simuladorcobranzasbdbpru.lappiz.io/main.aaf20cd1339efdfd.js:684
[   26842ms] [LOG] synchronizeData: No pending changes to synchronize @ https://simuladorcobranzasbdbpru.lappiz.io/main.aaf20cd1339efdfd.js:684
[   26844ms] [LOG] synchronizeData: No pending changes to synchronize @ https://simuladorcobranzasbdbpru.lappiz.io/main.aaf20cd1339efdfd.js:684
[   26848ms] [LOG] synchronizeData: No pending changes to synchronize @ https://simuladorcobranzasbdbpru.lappiz.io/main.aaf20cd1339efdfd.js:684
[   26851ms] [LOG] synchronizeData: No pending changes to synchronize @ https://simuladorcobranzasbdbpru.lappiz.io/main.aaf20cd1339efdfd.js:684
[   26855ms] [LOG] synchronizeData: No pending changes to synchronize @ https://simuladorcobranzasbdbpru.lappiz.io/main.aaf20cd1339efdfd.js:684
[   26856ms] [LOG] synchronizeData: No pending changes to synchronize @ https://simuladorcobranzasbdbpru.lappiz.io/main.aaf20cd1339efdfd.js:684
[   26858ms] [LOG] synchronizeData: No pending changes to synchronize @ https://simuladorcobranzasbdbpru.lappiz.io/main.aaf20cd1339efdfd.js:684
[   26860ms] [LOG] synchronizeData: No pending changes to synchronize @ https://simuladorcobranzasbdbpru.lappiz.io/main.aaf20cd1339efdfd.js:684
[   26861ms] [LOG] synchronizeData: No pending changes to synchronize @ https://simuladorcobranzasbdbpru.lappiz.io/main.aaf20cd1339efdfd.js:684
[   26863ms] [LOG] synchronizeData: No pending changes to synchronize @ https://simuladorcobranzasbdbpru.lappiz.io/main.aaf20cd1339efdfd.js:684
[   26865ms] [LOG] synchronizeData: No pending changes to synchronize @ https://simuladorcobranzasbdbpru.lappiz.io/main.aaf20cd1339efdfd.js:684
[   27289ms] [LOG] La fecha no cumple la condición @ :3244
[   27307ms] [LOG] [Object] @ :4661
[   27314ms] [LOG] La fecha no cumple la condición @ :3244
[   27320ms] [LOG] La fecha no cumple la condición @ :3244
[   27323ms] [LOG] La fecha no cumple la condición @ :3244
[   27478ms] [LOG] undefined @ :4466
[   27478ms] [ERROR] Error al mostrar los campos: TypeError: Cannot read properties of undefined (reading 'ValorHonorarios')
    at calculoHonorarios (eval at myService.evalEvent (https://simuladorcobranzasbdbpru.lappiz.io/main.aaf20cd1339efdfd.js:685:2704682), <anonymous>:4468:57) @ :4470
[   27508ms] [LOG] undefined @ :4466
[   27508ms] [ERROR] Error al mostrar los campos: TypeError: Cannot read properties of undefined (reading 'ValorHonorarios')
    at calculoHonorarios (eval at myService.evalEvent (https://simuladorcobranzasbdbpru.lappiz.io/main.aaf20cd1339efdfd.js:685:2704682), <anonymous>:4468:57) @ :4470
[   27537ms] [ERROR] ERROR TypeError: Cannot read properties of null (reading 'style')
    at eval (eval at myService.evalEvent (https://simuladorcobranzasbdbpru.lappiz.io/main.aaf20cd1339efdfd.js:685:2704682), <anonymous>:4671:127)
    at P.<computed> (https://simuladorcobranzasbdbpru.lappiz.io/polyfills.d8ab91b0f38b471a.js:1:41246)
    at _.invokeTask (https://simuladorcobranzasbdbpru.lappiz.io/polyfills.d8ab91b0f38b471a.js:1:8309)
    at Object.onInvokeTask (https://simuladorcobranzasbdbpru.lappiz.io/main.aaf20cd1339efdfd.js:685:5433465)
    at _.invokeTask (https://simuladorcobranzasbdbpru.lappiz.io/polyfills.d8ab91b0f38b471a.js:1:8230)
    at _.runTask (https://simuladorcobranzasbdbpru.lappiz.io/polyfills.d8ab91b0f38b471a.js:1:3354)
    at _.invokeTask (https://simuladorcobranzasbdbpru.lappiz.io/polyfills.d8ab91b0f38b471a.js:1:9449)
    at invoke (https://simuladorcobranzasbdbpru.lappiz.io/polyfills.d8ab91b0f38b471a.js:1:9339)
    at E.T.args.<computed> (https://simuladorcobranzasbdbpru.lappiz.io/polyfills.d8ab91b0f38b471a.js:1:40944) @ https://simuladorcobranzasbdbpru.lappiz.io/main.aaf20cd1339efdfd.js:684
[   27885ms] [LOG] undefined @ :4466
[   27885ms] [ERROR] Error al mostrar los campos: TypeError: Cannot read properties of undefined (reading 'ValorHonorarios')
    at calculoHonorarios (eval at myService.evalEvent (https://simuladorcobranzasbdbpru.lappiz.io/main.aaf20cd1339efdfd.js:685:2704682), <anonymous>:4468:57) @ :4470
[   27925ms] [WARNING] No se encontró un rango de cobranza para 0 días de mora @ :4495
[   27992ms] [LOG] Abono mínimo sin descuento: 0 @ :2280
[   27992ms] [LOG] Abono con descuento máximo: 20000 @ :2292
[   28013ms] [WARNING] No se encontró un rango de cobranza para 0 días de mora @ :4495
[   28367ms] [ERROR] ERROR TypeError: Cannot read properties of undefined (reading 'bind')
    at eval (eval at myService.evalEvent (https://simuladorcobranzasbdbpru.lappiz.io/main.aaf20cd1339efdfd.js:685:2704682), <anonymous>:4737:22)
    at P.<computed> (https://simuladorcobranzasbdbpru.lappiz.io/polyfills.d8ab91b0f38b471a.js:1:41246)
    at _.invokeTask (https://simuladorcobranzasbdbpru.lappiz.io/polyfills.d8ab91b0f38b471a.js:1:8309)
    at Object.onInvokeTask (https://simuladorcobranzasbdbpru.lappiz.io/main.aaf20cd1339efdfd.js:685:5433465)
    at _.invokeTask (https://simuladorcobranzasbdbpru.lappiz.io/polyfills.d8ab91b0f38b471a.js:1:8230)
    at _.runTask (https://simuladorcobranzasbdbpru.lappiz.io/polyfills.d8ab91b0f38b471a.js:1:3354)
    at _.invokeTask (https://simuladorcobranzasbdbpru.lappiz.io/polyfills.d8ab91b0f38b471a.js:1:9449)
    at invoke (https://simuladorcobranzasbdbpru.lappiz.io/polyfills.d8ab91b0f38b471a.js:1:9339)
    at E.T.args.<computed> (https://simuladorcobranzasbdbpru.lappiz.io/polyfills.d8ab91b0f38b471a.js:1:40944) @ https://simuladorcobranzasbdbpru.lappiz.io/main.aaf20cd1339efdfd.js:684
[   28437ms] [ERROR] Failed to load resource: the server responded with a status of 500 () @ https://txtest.lappiz.io/SimiladorDNC_Lappiz.api/api/lappiz/get/SimiladorDNC_Lappiz_PoblamientoDatos:0
[   28448ms] [ERROR] ERROR Error: Uncaught (in promise): ()=>ue
    at te (https://simuladorcobranzasbdbpru.lappiz.io/polyfills.d8ab91b0f38b471a.js:1:17787)
    at https://simuladorcobranzasbdbpru.lappiz.io/polyfills.d8ab91b0f38b471a.js:1:16863
    at https://simuladorcobranzasbdbpru.lappiz.io/polyfills.d8ab91b0f38b471a.js:1:16969
    at l (https://simuladorcobranzasbdbpru.lappiz.io/main.aaf20cd1339efdfd.js:685:5598899)
    at p (https://simuladorcobranzasbdbpru.lappiz.io/main.aaf20cd1339efdfd.js:685:5599102)
    at _.invoke (https://simuladorcobranzasbdbpru.lappiz.io/polyfills.d8ab91b0f38b471a.js:1:7624)
    at Object.onInvoke (https://simuladorcobranzasbdbpru.lappiz.io/main.aaf20cd1339efdfd.js:685:5433667)
    at _.invoke (https://simuladorcobranzasbdbpru.lappiz.io/polyfills.d8ab91b0f38b471a.js:1:7563)
    at _.run (https://simuladorcobranzasbdbpru.lappiz.io/polyfills.d8ab91b0f38b471a.js:1:2685)
    at https://simuladorcobranzasbdbpru.lappiz.io/polyfills.d8ab91b0f38b471a.js:1:18582 @ https://simuladorcobranzasbdbpru.lappiz.io/main.aaf20cd1339efdfd.js:684
[   28454ms] [WARNING] No se encontró un rango de cobranza para 0 días de mora @ :4495
[   29460ms] [LOG] ✅ Sincronización completa {workspace: Object, _id: e402b0fe-7b28-462d-b313-545064751c21, versioncache: d531cc66-1140-4f06-8f0f-8a4a82f23d1f} @ https://simuladorcobranzasbdbpru.lappiz.io/main.aaf20cd1339efdfd.js:684
[   29513ms] [LOG] requestSubscription: Could not subscribe to notifications Registration failed - permission denied @ https://simuladorcobranzasbdbpru.lappiz.io/main.aaf20cd1339efdfd.js:684
[   30747ms] SyntaxError: Failed to execute 'appendChild' on 'Node': Unexpected token '<'
    at l (https://simuladorcobranzasbdbpru.lappiz.io/scripts.a671500478c5251e.js:1:892)
    at e.globalEval (https://simuladorcobranzasbdbpru.lappiz.io/scripts.a671500478c5251e.js:1:3074)
    at Object.dataFilter (https://simuladorcobranzasbdbpru.lappiz.io/scripts.a671500478c5251e.js:1:87497)
    at https://simuladorcobranzasbdbpru.lappiz.io/scripts.a671500478c5251e.js:1:85798
    at Un (https://simuladorcobranzasbdbpru.lappiz.io/scripts.a671500478c5251e.js:1:86251)
    at XMLHttpRequest.<anonymous> (https://simuladorcobranzasbdbpru.lappiz.io/scripts.a671500478c5251e.js:1:89227)
    at XMLHttpRequest.lt (https://simuladorcobranzasbdbpru.lappiz.io/polyfills.d8ab91b0f38b471a.js:1:13288)
    at _.invokeTask (https://simuladorcobranzasbdbpru.lappiz.io/polyfills.d8ab91b0f38b471a.js:1:8309)
    at Object.onInvokeTask (https://simuladorcobranzasbdbpru.lappiz.io/main.aaf20cd1339efdfd.js:685:5433465)
    at _.invokeTask (https://simuladorcobranzasbdbpru.lappiz.io/polyfills.d8ab91b0f38b471a.js:1:8230)
[ 1887938ms] [LOG] No hay sesión activa @ https://simuladorcobranzasbdbpru.lappiz.io/4.ea624e8d2330eccd.js:0
[ 1887938ms] [ERROR] ERROR Error: Uncaught (in promise): Error: Worker not available
Error: Worker not available
    at https://simuladorcobranzasbdbpru.lappiz.io/main.aaf20cd1339efdfd.js:685:3217634
    at new d (https://simuladorcobranzasbdbpru.lappiz.io/polyfills.d8ab91b0f38b471a.js:1:18836)
    at g.sendCommandToWorker (https://simuladorcobranzasbdbpru.lappiz.io/main.aaf20cd1339efdfd.js:685:3217581)
    at g.stop (https://simuladorcobranzasbdbpru.lappiz.io/main.aaf20cd1339efdfd.js:685:3218339)
    at o.destroyIntervals (https://simuladorcobranzasbdbpru.lappiz.io/main.aaf20cd1339efdfd.js:685:4404435)
    at https://simuladorcobranzasbdbpru.lappiz.io/main.aaf20cd1339efdfd.js:685:4403530
    at Generator.next (<anonymous>)
    at l (https://simuladorcobranzasbdbpru.lappiz.io/main.aaf20cd1339efdfd.js:685:5598864)
    at S (https://simuladorcobranzasbdbpru.lappiz.io/main.aaf20cd1339efdfd.js:685:5599066)
    at https://simuladorcobranzasbdbpru.lappiz.io/main.aaf20cd1339efdfd.js:685:5599125
    at https://simuladorcobranzasbdbpru.lappiz.io/main.aaf20cd1339efdfd.js:685:3217634
    at new d (https://simuladorcobranzasbdbpru.lappiz.io/polyfills.d8ab91b0f38b471a.js:1:18836)
    at g.sendCommandToWorker (https://simuladorcobranzasbdbpru.lappiz.io/main.aaf20cd1339efdfd.js:685:3217581)
    at g.stop (https://simuladorcobranzasbdbpru.lappiz.io/main.aaf20cd1339efdfd.js:685:3218339)
    at o.destroyIntervals (https://simuladorcobranzasbdbpru.lappiz.io/main.aaf20cd1339efdfd.js:685:4404435)
    at https://simuladorcobranzasbdbpru.lappiz.io/main.aaf20cd1339efdfd.js:685:4403530
    at Generator.next (<anonymous>)
    at l (https://simuladorcobranzasbdbpru.lappiz.io/main.aaf20cd1339efdfd.js:685:5598864)
    at S (https://simuladorcobranzasbdbpru.lappiz.io/main.aaf20cd1339efdfd.js:685:5599066)
    at https://simuladorcobranzasbdbpru.lappiz.io/main.aaf20cd1339efdfd.js:685:5599125
    at te (https://simuladorcobranzasbdbpru.lappiz.io/polyfills.d8ab91b0f38b471a.js:1:17787)
    at https://simuladorcobranzasbdbpru.lappiz.io/polyfills.d8ab91b0f38b471a.js:1:16863
    at https://simuladorcobranzasbdbpru.lappiz.io/polyfills.d8ab91b0f38b471a.js:1:16969
    at https://simuladorcobranzasbdbpru.lappiz.io/main.aaf20cd1339efdfd.js:685:3217632
    at new d (https://simuladorcobranzasbdbpru.lappiz.io/polyfills.d8ab91b0f38b471a.js:1:18836)
    at g.sendCommandToWorker (https://simuladorcobranzasbdbpru.lappiz.io/main.aaf20cd1339efdfd.js:685:3217581)
    at g.stop (https://simuladorcobranzasbdbpru.lappiz.io/main.aaf20cd1339efdfd.js:685:3218339)
    at o.destroyIntervals (https://simuladorcobranzasbdbpru.lappiz.io/main.aaf20cd1339efdfd.js:685:4404435)
    at https://simuladorcobranzasbdbpru.lappiz.io/main.aaf20cd1339efdfd.js:685:4403530
    at Generator.next (<anonymous>) @ https://simuladorcobranzasbdbpru.lappiz.io/main.aaf20cd1339efdfd.js:684
[ 1887996ms] [LOG] Se ha creado correctamente el registro del stateApp @ https://simuladorcobranzasbdbpru.lappiz.io/4.ea624e8d2330eccd.js:0
[ 1888978ms] [ERROR] Error: TypeError: Cannot set properties of null (setting 'innerText') @ :88
